 zlibwapi

 Timestamp is 68a1928b (Sun Aug 17 16:27:55 2025)

 Preferred load address is 0000000180000000

 Start         Length     Name                   Class
 0001:00000000 00011c50H .text$mn                CODE
 0001:00011c50 00000036H .text$mn$00             CODE
 0001:00011c86 00000092H .text$x                 CODE
 0002:00000000 00000200H .idata$5                DATA
 0002:00000200 00000038H .00cfg                  DATA
 0002:00000238 00000008H .CRT$XCA                DATA
 0002:00000240 00000008H .CRT$XCZ                DATA
 0002:00000248 00000008H .CRT$XIA                DATA
 0002:00000250 00000008H .CRT$XIZ                DATA
 0002:00000258 00000008H .CRT$XPA                DATA
 0002:00000260 00000008H .CRT$XPZ                DATA
 0002:00000268 00000008H .CRT$XTA                DATA
 0002:00000270 00000010H .CRT$XTZ                DATA
 0002:00000278 00000000H .gehcont$y              DATA
 0002:00000278 00000000H .gfids$y                DATA
 0002:00000280 00004d80H .rdata                  DATA
 0002:00005000 00000000H .rdata$CastGuardVftablesA DATA
 0002:00005000 00000000H .rdata$CastGuardVftablesC DATA
 0002:00005000 00000058H .rdata$voltmd           DATA
 0002:00005058 000002d0H .rdata$zzzdbg           DATA
 0002:00005328 00000008H .rtc$IAA                DATA
 0002:00005330 00000008H .rtc$IZZ                DATA
 0002:00005338 00000008H .rtc$TAA                DATA
 0002:00005340 00000008H .rtc$TZZ                DATA
 0002:00005348 000012d8H .xdata                  DATA
 0002:00006620 00000d50H .edata                  DATA
 0002:00007370 000000a0H .idata$2                DATA
 0002:00007410 00000018H .idata$3                DATA
 0002:00007428 00000200H .idata$4                DATA
 0002:00007628 00000476H .idata$6                DATA
 0003:00000000 000000c0H .data                   DATA
 0003:000000c0 00000090H .bss                    DATA
 0004:00000000 000010d4H .pdata                  DATA
 0005:00000000 00000060H .rsrc$01                DATA
 0005:00000060 00000338H .rsrc$02                DATA

  Address         Publics by Value              Rva+Base               Lib:Object

 0000:00000000       __AbsoluteZero             0000000000000000     <absolute>
 0000:00000000       ___safe_se_handler_count   0000000000000000     <absolute>
 0000:00000000       ___safe_se_handler_table   0000000000000000     <absolute>
 0000:00000000       __arm64x_extra_rfe_table   0000000000000000     <absolute>
 0000:00000000       __arm64x_extra_rfe_table_size 0000000000000000     <absolute>
 0000:00000000       __arm64x_native_entrypoint 0000000000000000     <absolute>
 0000:00000000       __arm64x_redirection_metadata 0000000000000000     <absolute>
 0000:00000000       __arm64x_redirection_metadata_count 0000000000000000     <absolute>
 0000:00000000       __dynamic_value_reloc_table 0000000000000000     <absolute>
 0000:00000000       __enclave_config           0000000000000000     <absolute>
 0000:00000000       __guard_check_icall_a64n_fptr 0000000000000000     <absolute>
 0000:00000000       __guard_eh_cont_count      0000000000000000     <absolute>
 0000:00000000       __guard_eh_cont_table      0000000000000000     <absolute>
 0000:00000000       __guard_fids_count         0000000000000000     <absolute>
 0000:00000000       __guard_fids_table         0000000000000000     <absolute>
 0000:00000000       __guard_iat_count          0000000000000000     <absolute>
 0000:00000000       __guard_iat_table          0000000000000000     <absolute>
 0000:00000000       __guard_longjmp_count      0000000000000000     <absolute>
 0000:00000000       __guard_longjmp_table      0000000000000000     <absolute>
 0000:00000000       __hybrid_auxiliary_delayload_iat 0000000000000000     <absolute>
 0000:00000000       __hybrid_auxiliary_delayload_iat_copy 0000000000000000     <absolute>
 0000:00000000       __hybrid_auxiliary_iat     0000000000000000     <absolute>
 0000:00000000       __hybrid_auxiliary_iat_copy 0000000000000000     <absolute>
 0000:00000000       __hybrid_code_map          0000000000000000     <absolute>
 0000:00000000       __hybrid_code_map_count    0000000000000000     <absolute>
 0000:00000000       __hybrid_image_info_bitfield 0000000000000000     <absolute>
 0000:00000000       __x64_code_ranges_to_entry_points 0000000000000000     <absolute>
 0000:00000000       __x64_code_ranges_to_entry_points_count 0000000000000000     <absolute>
 0000:00000100       __guard_flags              0000000000000100     <absolute>
 0000:00000000       __ImageBase                0000000180000000     <linker-defined>
 0001:00000000       adler32_z                  0000000180001000 f   adler32.obj
 0001:000003d0       adler32                    00000001800013d0 f   adler32.obj
 0001:000004c0       adler32_combine            00000001800014c0 f   adler32.obj
 0001:000004d0       compress2                  00000001800014d0 f   compress.obj
 0001:000005d0       compress                   00000001800015d0 f   compress.obj
 0001:000005f0       compressBound              00000001800015f0 f   compress.obj
 0001:000006a0       get_crc_table              00000001800016a0 f   crc32.obj
 0001:000006f0       crc32_z                    00000001800016f0 f   crc32.obj
 0001:00000a90       crc32                      0000000180001a90 f   crc32.obj
 0001:00000aa0       crc32_combine64            0000000180001aa0 f   crc32.obj
 0001:00000ad0       crc32_combine              0000000180001ad0 f   crc32.obj
 0001:00000ae0       crc32_combine_gen64        0000000180001ae0 f   crc32.obj
 0001:00000af0       crc32_combine_gen          0000000180001af0 f   crc32.obj
 0001:00000b00       crc32_combine_op           0000000180001b00 f   crc32.obj
 0001:00000e70       deflateInit_               0000000180001e70 f   deflate.obj
 0001:00000eb0       deflateInit2_              0000000180001eb0 f   deflate.obj
 0001:000011b0       deflateSetDictionary       00000001800021b0 f   deflate.obj
 0001:000013b0       deflateGetDictionary       00000001800023b0 f   deflate.obj
 0001:00001430       deflateResetKeep           0000000180002430 f   deflate.obj
 0001:00001580       deflateReset               0000000180002580 f   deflate.obj
 0001:000015b0       deflateSetHeader           00000001800025b0 f   deflate.obj
 0001:000015f0       deflatePending             00000001800025f0 f   deflate.obj
 0001:00001640       deflatePrime               0000000180002640 f   deflate.obj
 0001:00001700       deflateParams              0000000180002700 f   deflate.obj
 0001:00001880       deflateTune                0000000180002880 f   deflate.obj
 0001:000018d0       deflateBound               00000001800028d0 f   deflate.obj
 0001:00001ad0       deflate                    0000000180002ad0 f   deflate.obj
 0001:00002480       deflateEnd                 0000000180003480 f   deflate.obj
 0001:00002570       deflateCopy                0000000180003570 f   deflate.obj
 0001:00003c90       gzclose                    0000000180004c90 f   gzclose.obj
 0001:00003cb0       __local_stdio_printf_options 0000000180004cb0 f i gzlib.obj
 0001:00003cc0       snprintf                   0000000180004cc0 f i gzlib.obj
 0001:000040a0       gzopen                     00000001800050a0 f   gzlib.obj
 0001:000040b0       gzdopen                    00000001800050b0 f   gzlib.obj
 0001:00004140       gzopen_w                   0000000180005140 f   gzlib.obj
 0001:00004150       gzbuffer                   0000000180005150 f   gzlib.obj
 0001:00004190       gzrewind                   0000000180005190 f   gzlib.obj
 0001:000041f0       gzseek64                   00000001800051f0 f   gzlib.obj
 0001:00004340       gzseek                     0000000180005340 f   gzlib.obj
 0001:00004370       gztell64                   0000000180005370 f   gzlib.obj
 0001:000043b0       gztell                     00000001800053b0 f   gzlib.obj
 0001:000043d0       gzoffset64                 00000001800053d0 f   gzlib.obj
 0001:00004430       gzoffset                   0000000180005430 f   gzlib.obj
 0001:00004450       gzeof                      0000000180005450 f   gzlib.obj
 0001:00004470       gzerror                    0000000180005470 f   gzlib.obj
 0001:000044c0       gzclearerr                 00000001800054c0 f   gzlib.obj
 0001:00004500       gz_error                   0000000180005500 f   gzlib.obj
 0001:00004ca0       gzread                     0000000180005ca0 f   gzread.obj
 0001:00004d10       gzfread                    0000000180005d10 f   gzread.obj
 0001:00004d90       gzgetc                     0000000180005d90 f   gzread.obj
 0001:00004e10       gzgetc_                    0000000180005e10 f   gzread.obj
 0001:00004e20       gzungetc                   0000000180005e20 f   gzread.obj
 0001:00004f60       gzgets                     0000000180005f60 f   gzread.obj
 0001:00005090       gzdirect                   0000000180006090 f   gzread.obj
 0001:000050d0       gzclose_r                  00000001800060d0 f   gzread.obj
 0001:00005670       gzwrite                    0000000180006670 f   gzwrite.obj
 0001:000056c0       gzfwrite                   00000001800066c0 f   gzwrite.obj
 0001:00005740       gzputc                     0000000180006740 f   gzwrite.obj
 0001:00005810       gzputs                     0000000180006810 f   gzwrite.obj
 0001:000058a0       gzvprintf                  00000001800068a0 f   gzwrite.obj
 0001:00005a30       gzprintf                   0000000180006a30 f   gzwrite.obj
 0001:00005a60       gzflush                    0000000180006a60 f   gzwrite.obj
 0001:00005ad0       gzsetparams                0000000180006ad0 f   gzwrite.obj
 0001:00005be0       gzclose_w                  0000000180006be0 f   gzwrite.obj
 0001:00005cb0       inflateBackInit_           0000000180006cb0 f   infback.obj
 0001:00005e00       inflateBack                0000000180006e00 f   infback.obj
 0001:00006d60       inflateBackEnd             0000000180007d60 f   infback.obj
 0001:00006db0       inflate_fast               0000000180007db0 f   inffast.obj
 0001:000072d0       inflateResetKeep           00000001800082d0 f   inflate.obj
 0001:00007370       inflateReset               0000000180008370 f   inflate.obj
 0001:000073a0       inflateReset2              00000001800083a0 f   inflate.obj
 0001:00007440       inflateInit2_              0000000180008440 f   inflate.obj
 0001:00007540       inflateInit_               0000000180008540 f   inflate.obj
 0001:00007550       inflatePrime               0000000180008550 f   inflate.obj
 0001:00007710       inflate                    0000000180008710 f   inflate.obj
 0001:00008f30       inflateEnd                 0000000180009f30 f   inflate.obj
 0001:00008fa0       inflateGetDictionary       0000000180009fa0 f   inflate.obj
 0001:00009030       inflateSetDictionary       000000018000a030 f   inflate.obj
 0001:000090f0       inflateGetHeader           000000018000a0f0 f   inflate.obj
 0001:000091a0       inflateSync                000000018000a1a0 f   inflate.obj
 0001:000092f0       inflateSyncPoint           000000018000a2f0 f   inflate.obj
 0001:00009330       inflateCopy                000000018000a330 f   inflate.obj
 0001:000094f0       inflateUndermine           000000018000a4f0 f   inflate.obj
 0001:00009520       inflateValidate            000000018000a520 f   inflate.obj
 0001:00009560       inflateMark                000000018000a560 f   inflate.obj
 0001:000095d0       inflateCodesUsed           000000018000a5d0 f   inflate.obj
 0001:00009610       inflate_table              000000018000a610 f   inftrees.obj
 0001:00009bb0       call_zopen64               000000018000abb0 f   ioapi.obj
 0001:00009bd0       call_zseek64               000000018000abd0 f   ioapi.obj
 0001:00009c00       call_ztell64               000000018000ac00 f   ioapi.obj
 0001:00009c40       fill_zlib_filefunc64_32_def_from_filefunc32 000000018000ac40 f   ioapi.obj
 0001:00009da0       fill_fopen64_filefunc      000000018000ada0 f   ioapi.obj
 0001:00009ed0       win32_open64_file_func     000000018000aed0 f   iowin32.obj
 0001:00009ed0       win32_open64_file_funcA    000000018000aed0 f   iowin32.obj
 0001:00009ed0       win32_open_file_func       000000018000aed0 f   iowin32.obj
 0001:00009f50       win32_open64_file_funcW    000000018000af50 f   iowin32.obj
 0001:00009fd0       win32_read_file_func       000000018000afd0 f   iowin32.obj
 0001:0000a040       win32_write_file_func      000000018000b040 f   iowin32.obj
 0001:0000a120       win32_tell_file_func       000000018000b120 f   iowin32.obj
 0001:0000a180       win32_tell64_file_func     000000018000b180 f   iowin32.obj
 0001:0000a1e0       win32_seek_file_func       000000018000b1e0 f   iowin32.obj
 0001:0000a260       win32_seek64_file_func     000000018000b260 f   iowin32.obj
 0001:0000a2e0       win32_close_file_func      000000018000b2e0 f   iowin32.obj
 0001:0000a320       win32_error_file_func      000000018000b320 f   iowin32.obj
 0001:0000a330       fill_win32_filefunc        000000018000b330 f   iowin32.obj
 0001:0000a390       fill_win32_filefunc64      000000018000b390 f   iowin32.obj
 0001:0000a390       fill_win32_filefunc64A     000000018000b390 f   iowin32.obj
 0001:0000a3f0       fill_win32_filefunc64W     000000018000b3f0 f   iowin32.obj
 0001:0000a840       _tr_init                   000000018000b840 f   trees.obj
 0001:0000b7c0       _tr_stored_block           000000018000c7c0 f   trees.obj
 0001:0000b8c0       _tr_flush_bits             000000018000c8c0 f   trees.obj
 0001:0000b8d0       _tr_align                  000000018000c8d0 f   trees.obj
 0001:0000be50       _tr_flush_block            000000018000ce50 f   trees.obj
 0001:0000c070       uncompress2                000000018000d070 f   uncompr.obj
 0001:0000c1d0       uncompress                 000000018000d1d0 f   uncompr.obj
 0001:0000c430       unzStringFileNameCompare   000000018000d430 f   unzip.obj
 0001:0000cc50       unzOpen2                   000000018000dc50 f   unzip.obj
 0001:0000cca0       unzOpen2_64                000000018000dca0 f   unzip.obj
 0001:0000cd00       unzOpen                    000000018000dd00 f   unzip.obj
 0001:0000cd10       unzOpen64                  000000018000dd10 f   unzip.obj
 0001:0000cd20       unzClose                   000000018000dd20 f   unzip.obj
 0001:0000cd70       unzGetGlobalInfo64         000000018000dd70 f   unzip.obj
 0001:0000cd90       unzGetGlobalInfo           000000018000dd90 f   unzip.obj
 0001:0000d3b0       unzGetCurrentFileInfo64    000000018000e3b0 f   unzip.obj
 0001:0000d400       unzGetCurrentFileInfo      000000018000e400 f   unzip.obj
 0001:0000d500       unzGoToFirstFile           000000018000e500 f   unzip.obj
 0001:0000d580       unzGoToNextFile            000000018000e580 f   unzip.obj
 0001:0000d640       unzLocateFile              000000018000e640 f   unzip.obj
 0001:0000d830       unzGetFilePos64            000000018000e830 f   unzip.obj
 0001:0000d870       unzGetFilePos              000000018000e870 f   unzip.obj
 0001:0000d8a0       unzGoToFilePos64           000000018000e8a0 f   unzip.obj
 0001:0000d920       unzGoToFilePos             000000018000e920 f   unzip.obj
 0001:0000db90       unzOpenCurrentFile3        000000018000eb90 f   unzip.obj
 0001:0000de30       unzOpenCurrentFile         000000018000ee30 f   unzip.obj
 0001:0000de50       unzOpenCurrentFilePassword 000000018000ee50 f   unzip.obj
 0001:0000de70       unzOpenCurrentFile2        000000018000ee70 f   unzip.obj
 0001:0000de90       unzGetCurrentFileZStreamPos64 000000018000ee90 f   unzip.obj
 0001:0000deb0       unzReadCurrentFile         000000018000eeb0 f   unzip.obj
 0001:0000e180       unztell                    000000018000f180 f   unzip.obj
 0001:0000e1a0       unztell64                  000000018000f1a0 f   unzip.obj
 0001:0000e1d0       unzeof                     000000018000f1d0 f   unzip.obj
 0001:0000e200       unzGetLocalExtrafield      000000018000f200 f   unzip.obj
 0001:0000e2f0       unzCloseCurrentFile        000000018000f2f0 f   unzip.obj
 0001:0000e3a0       unzGetGlobalComment        000000018000f3a0 f   unzip.obj
 0001:0000f390       zipOpen3                   0000000180010390 f   zip.obj
 0001:0000f530       zipOpen2                   0000000180010530 f   zip.obj
 0001:0000f580       zipOpen2_64                0000000180010580 f   zip.obj
 0001:0000f5e0       zipOpen                    00000001800105e0 f   zip.obj
 0001:0000f5e0       zipOpen64                  00000001800105e0 f   zip.obj
 0001:0000f870       zipOpenNewFileInZip4_64    0000000180010870 f   zip.obj
 0001:0000feb0       zipOpenNewFileInZip3       0000000180010eb0 f   zip.obj
 0001:0000ff60       zipOpenNewFileInZip3_64    0000000180010f60 f   zip.obj
 0001:00010020       zipOpenNewFileInZip2       0000000180011020 f   zip.obj
 0001:000100b0       zipOpenNewFileInZip2_64    00000001800110b0 f   zip.obj
 0001:00010150       zipOpenNewFileInZip64      0000000180011150 f   zip.obj
 0001:000101e0       zipOpenNewFileInZip        00000001800111e0 f   zip.obj
 0001:00010350       zipWriteInFileInZip        0000000180011350 f   zip.obj
 0001:000104c0       zipCloseFileInZipRaw       00000001800114c0 f   zip.obj
 0001:000104d0       zipCloseFileInZipRaw64     00000001800114d0 f   zip.obj
 0001:000109e0       zipCloseFileInZip          00000001800119e0 f   zip.obj
 0001:00010d90       zipClose                   0000000180011d90 f   zip.obj
 0001:00010f10       zlibVersion                0000000180011f10 f   zutil.obj
 0001:00010f20       zlibCompileFlags           0000000180011f20 f   zutil.obj
 0001:00010f30       zError                     0000000180011f30 f   zutil.obj
 0001:00010f60       zcalloc                    0000000180011f60 f   zutil.obj
 0001:00010f70       zcfree                     0000000180011f70 f   zutil.obj
 0001:00011290       _DllMainCRTStartup         0000000180012290 f   MSVCRT:dll_dllmain.obj
 0001:000112d0       __security_init_cookie     00000001800122d0 f   MSVCRT:gs_support.obj
 0001:00011380       DllMain                    0000000180012380 f   MSVCRT:dll_dllmain_stub.obj
 0001:000113a4       ?__scrt_initialize_type_info@@YAXXZ 00000001800123a4 f   MSVCRT:tncleanup.obj
 0001:000113b4       ?__scrt_uninitialize_type_info@@YAXXZ 00000001800123b4 f   MSVCRT:tncleanup.obj
 0001:000113c0       __local_stdio_scanf_options 00000001800123c0 f i MSVCRT:default_local_stdio_options.obj
 0001:000113c8       __scrt_initialize_default_local_stdio_options 00000001800123c8 f   MSVCRT:default_local_stdio_options.obj
 0001:000113e4       __scrt_acquire_startup_lock 00000001800123e4 f   MSVCRT:utility.obj
 0001:00011420       __scrt_dllmain_after_initialize_c 0000000180012420 f   MSVCRT:utility.obj
 0001:00011454       __scrt_dllmain_before_initialize_c 0000000180012454 f   MSVCRT:utility.obj
 0001:0001146c       __scrt_dllmain_crt_thread_attach 000000018001246c f   MSVCRT:utility.obj
 0001:00011494       __scrt_dllmain_crt_thread_detach 0000000180012494 f   MSVCRT:utility.obj
 0001:000114ac       __scrt_dllmain_exception_filter 00000001800124ac f   MSVCRT:utility.obj
 0001:0001150c       __scrt_dllmain_uninitialize_c 000000018001250c f   MSVCRT:utility.obj
 0001:0001153c       __scrt_dllmain_uninitialize_critical 000000018001253c f   MSVCRT:utility.obj
 0001:00011550       __scrt_initialize_crt      0000000180012550 f   MSVCRT:utility.obj
 0001:0001158c       __scrt_initialize_onexit_tables 000000018001258c f   MSVCRT:utility.obj
 0001:00011618       __scrt_is_nonwritable_in_current_image 0000000180012618 f   MSVCRT:utility.obj
 0001:000116b0       __scrt_release_startup_lock 00000001800126b0 f   MSVCRT:utility.obj
 0001:000116d4       __scrt_uninitialize_crt    00000001800126d4 f   MSVCRT:utility.obj
 0001:00011700       __scrt_get_dyn_tls_init_callback 0000000180012700 f   MSVCRT:dyn_tls_init.obj
 0001:00011708       __crt_debugger_hook        0000000180012708 f   MSVCRT:utility_desktop.obj
 0001:00011714       __scrt_fastfail            0000000180012714 f   MSVCRT:utility_desktop.obj
 0001:00011860       _RTC_Initialize            0000000180012860 f   MSVCRT:initsect.obj
 0001:0001189c       _RTC_Terminate             000000018001289c f   MSVCRT:initsect.obj
 0001:000118d8       _guard_check_icall_nop     00000001800128d8 f i MSVCRT:guard_support.obj
 0001:000118dc       __isa_available_init       00000001800128dc f   MSVCRT:cpu_disp.obj
 0001:00011b74       _get_startup_argv_mode     0000000180012b74 f   MSVCRT:argv_mode.obj
 0001:00011b7c       __scrt_is_ucrt_dll_in_use  0000000180012b7c f   MSVCRT:ucrt_detection.obj
 0001:00011b90       __C_specific_handler       0000000180012b90 f   vcruntime:VCRUNTIME140.dll
 0001:00011b96       __std_type_info_destroy_list 0000000180012b96 f   vcruntime:VCRUNTIME140.dll
 0001:00011b9c       memset                     0000000180012b9c f   vcruntime:VCRUNTIME140.dll
 0001:00011ba2       _initterm                  0000000180012ba2 f   ucrt:api-ms-win-crt-runtime-l1-1-0.dll
 0001:00011ba8       _initterm_e                0000000180012ba8 f   ucrt:api-ms-win-crt-runtime-l1-1-0.dll
 0001:00011bae       _seh_filter_dll            0000000180012bae f   ucrt:api-ms-win-crt-runtime-l1-1-0.dll
 0001:00011bb4       _configure_narrow_argv     0000000180012bb4 f   ucrt:api-ms-win-crt-runtime-l1-1-0.dll
 0001:00011bba       _initialize_narrow_environment 0000000180012bba f   ucrt:api-ms-win-crt-runtime-l1-1-0.dll
 0001:00011bc0       _initialize_onexit_table   0000000180012bc0 f   ucrt:api-ms-win-crt-runtime-l1-1-0.dll
 0001:00011bc6       _execute_onexit_table      0000000180012bc6 f   ucrt:api-ms-win-crt-runtime-l1-1-0.dll
 0001:00011bcc       _cexit                     0000000180012bcc f   ucrt:api-ms-win-crt-runtime-l1-1-0.dll
 0001:00011bd4       __acrt_initialize          0000000180012bd4 f   MSVCRT:ucrt_stubs.obj
 0001:00011bd4       __acrt_thread_attach       0000000180012bd4 f   MSVCRT:ucrt_stubs.obj
 0001:00011bd4       __acrt_thread_detach       0000000180012bd4 f   MSVCRT:ucrt_stubs.obj
 0001:00011bd4       __acrt_uninitialize        0000000180012bd4 f   MSVCRT:ucrt_stubs.obj
 0001:00011bd4       __acrt_uninitialize_critical 0000000180012bd4 f   MSVCRT:ucrt_stubs.obj
 0001:00011bd4       __scrt_stub_for_acrt_initialize 0000000180012bd4 f   MSVCRT:ucrt_stubs.obj
 0001:00011bd4       __scrt_stub_for_acrt_thread_attach 0000000180012bd4 f   MSVCRT:ucrt_stubs.obj
 0001:00011bd4       __scrt_stub_for_acrt_thread_detach 0000000180012bd4 f   MSVCRT:ucrt_stubs.obj
 0001:00011bd4       __scrt_stub_for_acrt_uninitialize 0000000180012bd4 f   MSVCRT:ucrt_stubs.obj
 0001:00011bd4       __scrt_stub_for_acrt_uninitialize_critical 0000000180012bd4 f   MSVCRT:ucrt_stubs.obj
 0001:00011bd4       __vcrt_initialize          0000000180012bd4 f   MSVCRT:ucrt_stubs.obj
 0001:00011bd4       __vcrt_thread_attach       0000000180012bd4 f   MSVCRT:ucrt_stubs.obj
 0001:00011bd4       __vcrt_thread_detach       0000000180012bd4 f   MSVCRT:ucrt_stubs.obj
 0001:00011bd4       __vcrt_uninitialize        0000000180012bd4 f   MSVCRT:ucrt_stubs.obj
 0001:00011bd4       __vcrt_uninitialize_critical 0000000180012bd4 f   MSVCRT:ucrt_stubs.obj
 0001:00011bd8       __scrt_stub_for_is_c_termination_complete 0000000180012bd8 f   MSVCRT:ucrt_stubs.obj
 0001:00011bd8       _is_c_termination_complete 0000000180012bd8 f   MSVCRT:ucrt_stubs.obj
 0001:00011bf0       __chkstk                   0000000180012bf0 f   MSVCRT:chkstk.obj
 0001:00011bf0       _alloca_probe              0000000180012bf0 f   MSVCRT:chkstk.obj
 0001:00011c3e       memchr                     0000000180012c3e f   vcruntime:VCRUNTIME140.dll
 0001:00011c44       memcpy                     0000000180012c44 f   vcruntime:VCRUNTIME140.dll
 0001:00011c4a       memmove                    0000000180012c4a f   vcruntime:VCRUNTIME140.dll
 0001:00011c60       _guard_dispatch_icall_nop  0000000180012c60 f   MSVCRT:guard_dispatch.obj
 0001:00011c80       _guard_xfg_dispatch_icall_nop 0000000180012c80 f   MSVCRT:guard_xfg_dispatch.obj
 0002:00000000       __imp_ReadFile             0000000180013000     kernel32:KERNEL32.dll
 0002:00000008       __imp_WriteFile            0000000180013008     kernel32:KERNEL32.dll
 0002:00000010       __imp_SetFilePointer       0000000180013010     kernel32:KERNEL32.dll
 0002:00000018       __imp_CreateFileW          0000000180013018     kernel32:KERNEL32.dll
 0002:00000020       __imp_GetLastError         0000000180013020     kernel32:KERNEL32.dll
 0002:00000028       __imp_CreateFileA          0000000180013028     kernel32:KERNEL32.dll
 0002:00000030       __imp_CloseHandle          0000000180013030     kernel32:KERNEL32.dll
 0002:00000038       __imp_GetCurrentProcessId  0000000180013038     kernel32:KERNEL32.dll
 0002:00000040       __imp_GetCurrentThreadId   0000000180013040     kernel32:KERNEL32.dll
 0002:00000048       __imp_GetSystemTimeAsFileTime 0000000180013048     kernel32:KERNEL32.dll
 0002:00000050       __imp_DisableThreadLibraryCalls 0000000180013050     kernel32:KERNEL32.dll
 0002:00000058       __imp_InitializeSListHead  0000000180013058     kernel32:KERNEL32.dll
 0002:00000060       __imp_RtlCaptureContext    0000000180013060     kernel32:KERNEL32.dll
 0002:00000068       __imp_RtlLookupFunctionEntry 0000000180013068     kernel32:KERNEL32.dll
 0002:00000070       __imp_RtlVirtualUnwind     0000000180013070     kernel32:KERNEL32.dll
 0002:00000078       __imp_IsProcessorFeaturePresent 0000000180013078     kernel32:KERNEL32.dll
 0002:00000080       __imp_SetUnhandledExceptionFilter 0000000180013080     kernel32:KERNEL32.dll
 0002:00000088       __imp_UnhandledExceptionFilter 0000000180013088     kernel32:KERNEL32.dll
 0002:00000090       __imp_IsDebuggerPresent    0000000180013090     kernel32:KERNEL32.dll
 0002:00000098       __imp_QueryPerformanceCounter 0000000180013098     kernel32:KERNEL32.dll
 0002:000000a0       \177KERNEL32_NULL_THUNK_DATA 00000001800130a0     kernel32:KERNEL32.dll
 0002:000000a8       __imp___std_type_info_destroy_list 00000001800130a8     vcruntime:VCRUNTIME140.dll
 0002:000000b0       __imp___C_specific_handler 00000001800130b0     vcruntime:VCRUNTIME140.dll
 0002:000000b8       __imp_memset               00000001800130b8     vcruntime:VCRUNTIME140.dll
 0002:000000c0       __imp_memcpy               00000001800130c0     vcruntime:VCRUNTIME140.dll
 0002:000000c8       __imp_memchr               00000001800130c8     vcruntime:VCRUNTIME140.dll
 0002:000000d0       __imp_memmove              00000001800130d0     vcruntime:VCRUNTIME140.dll
 0002:000000d8       \177VCRUNTIME140_NULL_THUNK_DATA 00000001800130d8     vcruntime:VCRUNTIME140.dll
 0002:000000e0       __imp_wcstombs             00000001800130e0     ucrt:api-ms-win-crt-convert-l1-1-0.dll
 0002:000000e8       \177api-ms-win-crt-convert-l1-1-0_NULL_THUNK_DATA 00000001800130e8     ucrt:api-ms-win-crt-convert-l1-1-0.dll
 0002:000000f0       __imp_malloc               00000001800130f0     ucrt:api-ms-win-crt-heap-l1-1-0.dll
 0002:000000f8       __imp_free                 00000001800130f8     ucrt:api-ms-win-crt-heap-l1-1-0.dll
 0002:00000100       \177api-ms-win-crt-heap-l1-1-0_NULL_THUNK_DATA 0000000180013100     ucrt:api-ms-win-crt-heap-l1-1-0.dll
 0002:00000108       __imp__initterm            0000000180013108     ucrt:api-ms-win-crt-runtime-l1-1-0.dll
 0002:00000110       __imp__initterm_e          0000000180013110     ucrt:api-ms-win-crt-runtime-l1-1-0.dll
 0002:00000118       __imp__seh_filter_dll      0000000180013118     ucrt:api-ms-win-crt-runtime-l1-1-0.dll
 0002:00000120       __imp__configure_narrow_argv 0000000180013120     ucrt:api-ms-win-crt-runtime-l1-1-0.dll
 0002:00000128       __imp__initialize_narrow_environment 0000000180013128     ucrt:api-ms-win-crt-runtime-l1-1-0.dll
 0002:00000130       __imp__initialize_onexit_table 0000000180013130     ucrt:api-ms-win-crt-runtime-l1-1-0.dll
 0002:00000138       __imp__execute_onexit_table 0000000180013138     ucrt:api-ms-win-crt-runtime-l1-1-0.dll
 0002:00000140       __imp__cexit               0000000180013140     ucrt:api-ms-win-crt-runtime-l1-1-0.dll
 0002:00000148       __imp_strerror             0000000180013148     ucrt:api-ms-win-crt-runtime-l1-1-0.dll
 0002:00000150       __imp__errno               0000000180013150     ucrt:api-ms-win-crt-runtime-l1-1-0.dll
 0002:00000158       \177api-ms-win-crt-runtime-l1-1-0_NULL_THUNK_DATA 0000000180013158     ucrt:api-ms-win-crt-runtime-l1-1-0.dll
 0002:00000160       __imp_fwrite               0000000180013160     ucrt:api-ms-win-crt-stdio-l1-1-0.dll
 0002:00000168       __imp__fseeki64            0000000180013168     ucrt:api-ms-win-crt-stdio-l1-1-0.dll
 0002:00000170       __imp__open                0000000180013170     ucrt:api-ms-win-crt-stdio-l1-1-0.dll
 0002:00000178       __imp_fread                0000000180013178     ucrt:api-ms-win-crt-stdio-l1-1-0.dll
 0002:00000180       __imp_fclose               0000000180013180     ucrt:api-ms-win-crt-stdio-l1-1-0.dll
 0002:00000188       __imp_fopen                0000000180013188     ucrt:api-ms-win-crt-stdio-l1-1-0.dll
 0002:00000190       __imp_ferror               0000000180013190     ucrt:api-ms-win-crt-stdio-l1-1-0.dll
 0002:00000198       __imp__write               0000000180013198     ucrt:api-ms-win-crt-stdio-l1-1-0.dll
 0002:000001a0       __imp__lseeki64            00000001800131a0     ucrt:api-ms-win-crt-stdio-l1-1-0.dll
 0002:000001a8       __imp__wopen               00000001800131a8     ucrt:api-ms-win-crt-stdio-l1-1-0.dll
 0002:000001b0       __imp__close               00000001800131b0     ucrt:api-ms-win-crt-stdio-l1-1-0.dll
 0002:000001b8       __imp__read                00000001800131b8     ucrt:api-ms-win-crt-stdio-l1-1-0.dll
 0002:000001c0       __imp__ftelli64            00000001800131c0     ucrt:api-ms-win-crt-stdio-l1-1-0.dll
 0002:000001c8       __imp___stdio_common_vsprintf 00000001800131c8     ucrt:api-ms-win-crt-stdio-l1-1-0.dll
 0002:000001d0       \177api-ms-win-crt-stdio-l1-1-0_NULL_THUNK_DATA 00000001800131d0     ucrt:api-ms-win-crt-stdio-l1-1-0.dll
 0002:000001d8       __imp__time64              00000001800131d8     ucrt:api-ms-win-crt-time-l1-1-0.dll
 0002:000001e0       \177api-ms-win-crt-time-l1-1-0_NULL_THUNK_DATA 00000001800131e0     ucrt:api-ms-win-crt-time-l1-1-0.dll
 0002:000001e8       __imp_srand                00000001800131e8     ucrt:api-ms-win-crt-utility-l1-1-0.dll
 0002:000001f0       __imp_rand                 00000001800131f0     ucrt:api-ms-win-crt-utility-l1-1-0.dll
 0002:000001f8       \177api-ms-win-crt-utility-l1-1-0_NULL_THUNK_DATA 00000001800131f8     ucrt:api-ms-win-crt-utility-l1-1-0.dll
 0002:00000200       __guard_check_icall_fptr   0000000180013200     MSVCRT:guard_support.obj
 0002:00000208       __guard_xfg_check_icall_fptr 0000000180013208     MSVCRT:guard_support.obj
 0002:00000210       __guard_dispatch_icall_fptr 0000000180013210     MSVCRT:guard_support.obj
 0002:00000218       __guard_xfg_dispatch_icall_fptr 0000000180013218     MSVCRT:guard_support.obj
 0002:00000220       __guard_xfg_table_dispatch_icall_fptr 0000000180013220     MSVCRT:guard_support.obj
 0002:00000228       __castguard_check_failure_os_handled_fptr 0000000180013228     MSVCRT:guard_support.obj
 0002:00000230       __guard_memcpy_fptr        0000000180013230     vcruntime:softmemtag.obj
 0002:00000238       __xc_a                     0000000180013238     MSVCRT:initializers.obj
 0002:00000240       __xc_z                     0000000180013240     MSVCRT:initializers.obj
 0002:00000248       __xi_a                     0000000180013248     MSVCRT:initializers.obj
 0002:00000250       __xi_z                     0000000180013250     MSVCRT:initializers.obj
 0002:00000258       __xp_a                     0000000180013258     MSVCRT:initializers.obj
 0002:00000260       __xp_z                     0000000180013260     MSVCRT:initializers.obj
 0002:00000268       __xt_a                     0000000180013268     MSVCRT:initializers.obj
 0002:00000270       __xt_z                     0000000180013270     MSVCRT:initializers.obj
 0002:00000280       _pDefaultRawDllMain        0000000180013280     MSVCRT:dll_dllmain.obj
 0002:00000280       _pRawDllMain               0000000180013280     MSVCRT:dll_dllmain.obj
 0002:00000290       __xmm@ffffffffffffffffffffffffffffffff 0000000180013290     MSVCRT:utility.obj
 0002:000002a0       ??_C@_05OJPKCACG@1?43?41@  00000001800132a0     compress.obj
 0002:00003e40       _length_code               0000000180016e40     trees.obj
 0002:00003f40       _dist_code                 0000000180016f40     trees.obj
 0002:00004910       unz_copyright              0000000180017910     unzip.obj
 0002:00004970       z_errmsg                   0000000180017970     zutil.obj
 0002:000049c0       ??_C@_02DKCKIIND@?$CFs@    00000001800179c0     gzlib.obj
 0002:000049c8       ??_C@_07EBNKNFJN@?$DMfd?3?$CFd?$DO@ 00000001800179c8     gzlib.obj
 0002:000049d0       ??_C@_0O@BNNCBLEN@out?5of?5memory@ 00000001800179d0     gzlib.obj
 0002:000049de       ??_C@_00CNPNBAHC@@         00000001800179de     gzlib.obj
 0002:000049e0       ??_C@_02LMMGGCAJ@?3?5@     00000001800179e0     gzlib.obj
 0002:000049e4       ??_C@_06DIJPEION@?$CFs?$CFs?$CFs@ 00000001800179e4     gzlib.obj
 0002:000049f0       ??_C@_0BH@CFIIDOJD@unexpected?5end?5of?5file@ 00000001800179f0     gzread.obj
 0002:00004a08       ??_C@_0CH@CPOLIEKA@internal?5error?3?5inflate?5stream?5@ 0000000180017a08     gzread.obj
 0002:00004a30       ??_C@_0BG@HCKBMIHF@compressed?5data?5error@ 0000000180017a30     gzread.obj
 0002:00004a48       ??_C@_0BP@HLDABFKK@request?5does?5not?5fit?5in?5an?5int@ 0000000180017a48     gzread.obj
 0002:00004a68       ??_C@_0CB@EGGJDMIK@request?5does?5not?5fit?5in?5a?5size_@ 0000000180017a68     gzread.obj
 0002:00004a90       ??_C@_0BP@IIKIGMCC@out?5of?5room?5to?5push?5characters@ 0000000180017a90     gzread.obj
 0002:00004ab0       ??_C@_0CH@DEEGAHIB@internal?5error?3?5deflate?5stream?5@ 0000000180017ab0     gzwrite.obj
 0002:00004ad8       ??_C@_0CF@MLPJFDMM@requested?5length?5does?5not?5fit?5i@ 0000000180017ad8     gzwrite.obj
 0002:00004b00       ??_C@_0CC@ENDIFONJ@string?5length?5does?5not?5fit?5in?5i@ 0000000180017b00     gzwrite.obj
 0002:00004b28       ??_C@_0BD@PJCBIDD@invalid?5block?5type@ 0000000180017b28     infback.obj
 0002:00004b40       ??_C@_0BN@LGAADGOK@invalid?5stored?5block?5lengths@ 0000000180017b40     infback.obj
 0002:00004b60       ??_C@_0CE@GMIGFPBB@too?5many?5length?5or?5distance?5sym@ 0000000180017b60     infback.obj
 0002:00004b88       ??_C@_0BJ@HDEPPGOH@invalid?5code?5lengths?5set@ 0000000180017b88     infback.obj
 0002:00004ba8       ??_C@_0BK@BMMPFBBH@invalid?5bit?5length?5repeat@ 0000000180017ba8     infback.obj
 0002:00004bc8       ??_C@_0CF@DGDMADCD@invalid?5code?5?9?9?5missing?5end?9of?9@ 0000000180017bc8     infback.obj
 0002:00004bf0       ??_C@_0BM@IIMGAINC@invalid?5literal?1lengths?5set@ 0000000180017bf0     infback.obj
 0002:00004c10       ??_C@_0BG@GMDFCBGP@invalid?5distances?5set@ 0000000180017c10     infback.obj
 0002:00004c28       ??_C@_0BM@FFFLPBBC@invalid?5literal?1length?5code@ 0000000180017c28     infback.obj
 0002:00004c48       ??_C@_0BG@LBKINIKP@invalid?5distance?5code@ 0000000180017c48     infback.obj
 0002:00004c60       ??_C@_0BO@ECPMAOGG@invalid?5distance?5too?5far?5back@ 0000000180017c60     infback.obj
 0002:00004c80       ??_C@_0BH@LIBMMIGA@incorrect?5header?5check@ 0000000180017c80     inflate.obj
 0002:00004c98       ??_C@_0BL@IHKGDAEE@unknown?5compression?5method@ 0000000180017c98     inflate.obj
 0002:00004cb8       ??_C@_0BE@EMOGCLGO@invalid?5window?5size@ 0000000180017cb8     inflate.obj
 0002:00004cd0       ??_C@_0BJ@BLBBCOMO@unknown?5header?5flags?5set@ 0000000180017cd0     inflate.obj
 0002:00004cf0       ??_C@_0BE@GONKLEPM@header?5crc?5mismatch@ 0000000180017cf0     inflate.obj
 0002:00004d08       ??_C@_0BF@MEIGEHBE@incorrect?5data?5check@ 0000000180017d08     inflate.obj
 0002:00004d20       ??_C@_0BH@FGKKJGOC@incorrect?5length?5check@ 0000000180017d20     inflate.obj
 0002:00004d38       ??_C@_02JDPG@rb@           0000000180017d38     ioapi.obj
 0002:00004d3c       ??_C@_03HMFOOINA@r?$CLb@   0000000180017d3c     ioapi.obj
 0002:00004d40       ??_C@_02GMLFBBN@wb@        0000000180017d40     ioapi.obj
 0002:00004d44       ??_C@_01JOAMLHOP@?9@       0000000180017d44     zip.obj
 0002:00004d48       ??_C@_0BA@MOKMMFOD@need?5dictionary@ 0000000180017d48     zutil.obj
 0002:00004d58       ??_C@_0L@FNAOCBOG@stream?5end@ 0000000180017d58     zutil.obj
 0002:00004d68       ??_C@_0L@KIJFAKBJ@file?5error@ 0000000180017d68     zutil.obj
 0002:00004d78       ??_C@_0N@MKKNPMJD@stream?5error@ 0000000180017d78     zutil.obj
 0002:00004d88       ??_C@_0L@HAHMBNLP@data?5error@ 0000000180017d88     zutil.obj
 0002:00004d98       ??_C@_0BE@OGGJBMCE@insufficient?5memory@ 0000000180017d98     zutil.obj
 0002:00004db0       ??_C@_0N@DFPGLBGC@buffer?5error@ 0000000180017db0     zutil.obj
 0002:00004dc0       ??_C@_0BF@CJFPCCEG@incompatible?5version@ 0000000180017dc0     zutil.obj
 0002:00004de0       _load_config_used          0000000180017de0     MSVCRT:loadcfg.obj
 0002:00005000       __volatile_metadata        0000000180018000     <linker-defined>
 0002:00005328       __rtc_iaa                  0000000180018328     MSVCRT:initsect.obj
 0002:00005330       __rtc_izz                  0000000180018330     MSVCRT:initsect.obj
 0002:00005338       __rtc_taa                  0000000180018338     MSVCRT:initsect.obj
 0002:00005340       __rtc_tzz                  0000000180018340     MSVCRT:initsect.obj
 0002:00007370       __IMPORT_DESCRIPTOR_KERNEL32 000000018001a370     kernel32:KERNEL32.dll
 0002:00007384       __IMPORT_DESCRIPTOR_VCRUNTIME140 000000018001a384     vcruntime:VCRUNTIME140.dll
 0002:00007398       __IMPORT_DESCRIPTOR_api-ms-win-crt-stdio-l1-1-0 000000018001a398     ucrt:api-ms-win-crt-stdio-l1-1-0.dll
 0002:000073ac       __IMPORT_DESCRIPTOR_api-ms-win-crt-convert-l1-1-0 000000018001a3ac     ucrt:api-ms-win-crt-convert-l1-1-0.dll
 0002:000073c0       __IMPORT_DESCRIPTOR_api-ms-win-crt-heap-l1-1-0 000000018001a3c0     ucrt:api-ms-win-crt-heap-l1-1-0.dll
 0002:000073d4       __IMPORT_DESCRIPTOR_api-ms-win-crt-runtime-l1-1-0 000000018001a3d4     ucrt:api-ms-win-crt-runtime-l1-1-0.dll
 0002:000073e8       __IMPORT_DESCRIPTOR_api-ms-win-crt-utility-l1-1-0 000000018001a3e8     ucrt:api-ms-win-crt-utility-l1-1-0.dll
 0002:000073fc       __IMPORT_DESCRIPTOR_api-ms-win-crt-time-l1-1-0 000000018001a3fc     ucrt:api-ms-win-crt-time-l1-1-0.dll
 0002:00007410       __NULL_IMPORT_DESCRIPTOR   000000018001a410     kernel32:KERNEL32.dll
 0003:00000000       __scrt_native_dllmain_reason 000000018001b000     MSVCRT:utility.obj
 0003:00000040       __security_cookie          000000018001b040     MSVCRT:gs_cookie.obj
 0003:00000080       __security_cookie_complement 000000018001b080     MSVCRT:gs_cookie.obj
 0003:00000088       __isa_inverted             000000018001b088     MSVCRT:cpu_disp.obj
 0003:00000090       __isa_available            000000018001b090     MSVCRT:cpu_disp.obj
 0003:00000094       __isa_enabled              000000018001b094     MSVCRT:cpu_disp.obj
 0003:00000098       __memset_fast_string_threshold 000000018001b098     MSVCRT:cpu_disp.obj
 0003:000000a0       __memset_nt_threshold      000000018001b0a0     MSVCRT:cpu_disp.obj
 0003:000000b0       __scrt_ucrt_dll_is_in_use  000000018001b0b0     MSVCRT:ucrt_stubs.obj
 0003:000000d0       ?__type_info_root_node@@3U__type_info_node@@A 000000018001b0d0     MSVCRT:tncleanup.obj
 0003:000000e0       ?_OptionsStorage@?1??__local_stdio_scanf_options@@9@4_KA 000000018001b0e0     MSVCRT:default_local_stdio_options.obj
 0003:000000e8       __scrt_current_native_startup_state 000000018001b0e8     MSVCRT:utility.obj
 0003:000000f0       __scrt_native_startup_lock 000000018001b0f0     MSVCRT:utility.obj
 0003:00000130       __scrt_debugger_hook_flag  000000018001b130     MSVCRT:utility_desktop.obj
 0003:00000134       __avx10_version            000000018001b134     MSVCRT:cpu_disp.obj
 0003:00000138       __favor                    000000018001b138     MSVCRT:cpu_disp.obj
 0003:00000140       __dyn_tls_init_callback    000000018001b140     <common>
 0003:00000148       ?_OptionsStorage@?1??__local_stdio_printf_options@@9@9 000000018001b148     <common>

 entry point at        0001:00011290

 Static symbols

 0000:fffe0000       .debug$S                   0000000180000000     zlibwapi.exp
 0000:fffe0000       .debug$S                   0000000180000000     ucrt:api-ms-win-crt-convert-l1-1-0.dll
 0000:fffe0000       .debug$S                   0000000180000000     ucrt:api-ms-win-crt-heap-l1-1-0.dll
 0000:fffe0000       .debug$S                   0000000180000000     ucrt:api-ms-win-crt-heap-l1-1-0.dll
 0000:fffe0000       .debug$S                   0000000180000000     ucrt:api-ms-win-crt-runtime-l1-1-0.dll
 0000:fffe0000       .debug$S                   0000000180000000     ucrt:api-ms-win-crt-runtime-l1-1-0.dll
 0000:fffe0000       .debug$S                   0000000180000000     ucrt:api-ms-win-crt-runtime-l1-1-0.dll
 0000:fffe0000       .debug$S                   0000000180000000     ucrt:api-ms-win-crt-runtime-l1-1-0.dll
 0000:fffe0000       .debug$S                   0000000180000000     ucrt:api-ms-win-crt-runtime-l1-1-0.dll
 0000:fffe0000       .debug$S                   0000000180000000     ucrt:api-ms-win-crt-runtime-l1-1-0.dll
 0000:fffe0000       .debug$S                   0000000180000000     ucrt:api-ms-win-crt-runtime-l1-1-0.dll
 0000:fffe0000       .debug$S                   0000000180000000     ucrt:api-ms-win-crt-runtime-l1-1-0.dll
 0000:fffe0000       .debug$S                   0000000180000000     ucrt:api-ms-win-crt-runtime-l1-1-0.dll
 0000:fffe0000       .debug$S                   0000000180000000     ucrt:api-ms-win-crt-runtime-l1-1-0.dll
 0000:fffe0000       .debug$S                   0000000180000000     ucrt:api-ms-win-crt-runtime-l1-1-0.dll
 0000:fffe0000       .debug$S                   0000000180000000     ucrt:api-ms-win-crt-runtime-l1-1-0.dll
 0000:fffe0000       .debug$S                   0000000180000000     ucrt:api-ms-win-crt-runtime-l1-1-0.dll
 0000:fffe0000       .debug$S                   0000000180000000     ucrt:api-ms-win-crt-runtime-l1-1-0.dll
 0000:fffe0000       .debug$S                   0000000180000000     ucrt:api-ms-win-crt-stdio-l1-1-0.dll
 0000:fffe0000       .debug$S                   0000000180000000     ucrt:api-ms-win-crt-stdio-l1-1-0.dll
 0000:fffe0000       .debug$S                   0000000180000000     ucrt:api-ms-win-crt-stdio-l1-1-0.dll
 0000:fffe0000       .debug$S                   0000000180000000     ucrt:api-ms-win-crt-stdio-l1-1-0.dll
 0000:fffe0000       .debug$S                   0000000180000000     ucrt:api-ms-win-crt-stdio-l1-1-0.dll
 0000:fffe0000       .debug$S                   0000000180000000     ucrt:api-ms-win-crt-stdio-l1-1-0.dll
 0000:fffe0000       .debug$S                   0000000180000000     ucrt:api-ms-win-crt-stdio-l1-1-0.dll
 0000:fffe0000       .debug$S                   0000000180000000     ucrt:api-ms-win-crt-stdio-l1-1-0.dll
 0000:fffe0000       .debug$S                   0000000180000000     ucrt:api-ms-win-crt-stdio-l1-1-0.dll
 0000:fffe0000       .debug$S                   0000000180000000     ucrt:api-ms-win-crt-stdio-l1-1-0.dll
 0000:fffe0000       .debug$S                   0000000180000000     ucrt:api-ms-win-crt-stdio-l1-1-0.dll
 0000:fffe0000       .debug$S                   0000000180000000     ucrt:api-ms-win-crt-stdio-l1-1-0.dll
 0000:fffe0000       .debug$S                   0000000180000000     ucrt:api-ms-win-crt-stdio-l1-1-0.dll
 0000:fffe0000       .debug$S                   0000000180000000     ucrt:api-ms-win-crt-stdio-l1-1-0.dll
 0000:fffe0000       .debug$S                   0000000180000000     ucrt:api-ms-win-crt-stdio-l1-1-0.dll
 0000:fffe0000       .debug$S                   0000000180000000     ucrt:api-ms-win-crt-stdio-l1-1-0.dll
 0000:fffe0000       .debug$S                   0000000180000000     ucrt:api-ms-win-crt-time-l1-1-0.dll
 0000:fffe0000       .debug$S                   0000000180000000     ucrt:api-ms-win-crt-utility-l1-1-0.dll
 0000:fffe0000       .debug$S                   0000000180000000     ucrt:api-ms-win-crt-utility-l1-1-0.dll
 0000:fffe0000       .debug$S                   0000000180000000     kernel32:KERNEL32.dll
 0000:fffe0000       .debug$S                   0000000180000000     kernel32:KERNEL32.dll
 0000:fffe0000       .debug$S                   0000000180000000     kernel32:KERNEL32.dll
 0000:fffe0000       .debug$S                   0000000180000000     kernel32:KERNEL32.dll
 0000:fffe0000       .debug$S                   0000000180000000     kernel32:KERNEL32.dll
 0000:fffe0000       .debug$S                   0000000180000000     kernel32:KERNEL32.dll
 0000:fffe0000       .debug$S                   0000000180000000     kernel32:KERNEL32.dll
 0000:fffe0000       .debug$S                   0000000180000000     kernel32:KERNEL32.dll
 0000:fffe0000       .debug$S                   0000000180000000     kernel32:KERNEL32.dll
 0000:fffe0000       .debug$S                   0000000180000000     kernel32:KERNEL32.dll
 0000:fffe0000       .debug$S                   0000000180000000     kernel32:KERNEL32.dll
 0000:fffe0000       .debug$S                   0000000180000000     kernel32:KERNEL32.dll
 0000:fffe0000       .debug$S                   0000000180000000     kernel32:KERNEL32.dll
 0000:fffe0000       .debug$S                   0000000180000000     kernel32:KERNEL32.dll
 0000:fffe0000       .debug$S                   0000000180000000     kernel32:KERNEL32.dll
 0000:fffe0000       .debug$S                   0000000180000000     kernel32:KERNEL32.dll
 0000:fffe0000       .debug$S                   0000000180000000     kernel32:KERNEL32.dll
 0000:fffe0000       .debug$S                   0000000180000000     kernel32:KERNEL32.dll
 0000:fffe0000       .debug$S                   0000000180000000     kernel32:KERNEL32.dll
 0000:fffe0000       .debug$S                   0000000180000000     kernel32:KERNEL32.dll
 0000:fffe0000       .debug$S                   0000000180000000     kernel32:KERNEL32.dll
 0000:fffe0000       .debug$S                   0000000180000000     kernel32:KERNEL32.dll
 0000:fffe0000       .debug$S                   0000000180000000     vcruntime:VCRUNTIME140.dll
 0000:fffe0000       .debug$S                   0000000180000000     vcruntime:VCRUNTIME140.dll
 0000:fffe0000       .debug$S                   0000000180000000     vcruntime:VCRUNTIME140.dll
 0000:fffe0000       .debug$S                   0000000180000000     vcruntime:VCRUNTIME140.dll
 0000:fffe0000       .debug$S                   0000000180000000     vcruntime:VCRUNTIME140.dll
 0000:fffe0000       .debug$S                   0000000180000000     vcruntime:VCRUNTIME140.dll
 0000:fffe0000       .debug$S                   0000000180000000     vcruntime:VCRUNTIME140.dll
 0000:fffe0000       .debug$S                   0000000180000000     vcruntime:VCRUNTIME140.dll
 0001:000003e0       adler32_combine_           00000001800013e0 f   adler32.obj
 0001:00000610       multmodp                   0000000180001610 f   crc32.obj
 0001:00000650       x2nmodp                    0000000180001650 f   crc32.obj
 0001:000006b0       crc_word                   00000001800016b0 f   crc32.obj
 0001:00000b20       slide_hash                 0000000180001b20 f   deflate.obj
 0001:00000ba0       read_buf                   0000000180001ba0 f   deflate.obj
 0001:00000c40       fill_window                0000000180001c40 f   deflate.obj
 0001:00001150       deflateStateCheck          0000000180002150 f   deflate.obj
 0001:000014d0       lm_init                    00000001800024d0 f   deflate.obj
 0001:00001a20       putShortMSB                0000000180002a20 f   deflate.obj
 0001:00001a50       flush_pending              0000000180002a50 f   deflate.obj
 0001:00002780       longest_match              0000000180003780 f   deflate.obj
 0001:00002940       deflate_stored             0000000180003940 f   deflate.obj
 0001:00002d80       deflate_fast               0000000180003d80 f   deflate.obj
 0001:00003200       deflate_slow               0000000180004200 f   deflate.obj
 0001:00003750       deflate_rle                0000000180004750 f   deflate.obj
 0001:00003aa0       deflate_huff               0000000180004aa0 f   deflate.obj
 0001:00003d20       gz_reset                   0000000180004d20 f   gzlib.obj
 0001:00003d70       gz_open                    0000000180004d70 f   gzlib.obj
 0001:00004024       $LN59                      0000000180005024     gzlib.obj
 0001:00004050       $LN58                      0000000180005050     gzlib.obj
 0001:00004610       gz_load                    0000000180005610 f   gzread.obj
 0001:000046c0       gz_avail                   00000001800056c0 f   gzread.obj
 0001:00004750       gz_look                    0000000180005750 f   gzread.obj
 0001:000048f0       gz_decomp                  00000001800058f0 f   gzread.obj
 0001:00004a10       gz_fetch                   0000000180005a10 f   gzread.obj
 0001:00004ac0       gz_skip                    0000000180005ac0 f   gzread.obj
 0001:00004b40       gz_read                    0000000180005b40 f   gzread.obj
 0001:00005180       gz_init                    0000000180006180 f   gzwrite.obj
 0001:000052b0       gz_comp                    00000001800062b0 f   gzwrite.obj
 0001:00005480       gz_zero                    0000000180006480 f   gzwrite.obj
 0001:00005530       gz_write                   0000000180006530 f   gzwrite.obj
 0001:00005dd0       fixedtables                0000000180006dd0 f   infback.obj
 0001:00006d14       $LN511                     0000000180007d14     infback.obj
 0001:00007290       inflateStateCheck          0000000180008290 f   inflate.obj
 0001:000075c0       fixedtables                00000001800085c0 f   inflate.obj
 0001:000075f0       updatewindow               00000001800085f0 f   inflate.obj
 0001:00008ea8       $LN881                     0000000180009ea8     inflate.obj
 0001:00009130       syncsearch                 000000018000a130 f   inflate.obj
 0001:00009c90       fopen64_file_func          000000018000ac90 f   ioapi.obj
 0001:00009ce0       fread_file_func            000000018000ace0 f   ioapi.obj
 0001:00009d00       fwrite_file_func           000000018000ad00 f   ioapi.obj
 0001:00009d20       ftell64_file_func          000000018000ad20 f   ioapi.obj
 0001:00009d30       fseek64_file_func          000000018000ad30 f   ioapi.obj
 0001:00009d80       fclose_file_func           000000018000ad80 f   ioapi.obj
 0001:00009d90       ferror_file_func           000000018000ad90 f   ioapi.obj
 0001:00009e00       win32_translate_open_mode  000000018000ae00 f   iowin32.obj
 0001:00009e60       win32_build_iowin          000000018000ae60 f   iowin32.obj
 0001:0000a0b0       MySetFilePointerEx         000000018000b0b0 f   iowin32.obj
 0001:0000a450       bi_reverse                 000000018000b450 f   trees.obj
 0001:0000a470       bi_flush                   000000018000b470 f   trees.obj
 0001:0000a4f0       bi_windup                  000000018000b4f0 f   trees.obj
 0001:0000a550       gen_codes                  000000018000b550 f   trees.obj
 0001:0000a670       init_block                 000000018000b670 f   trees.obj
 0001:0000a8b0       pqdownheap                 000000018000b8b0 f   trees.obj
 0001:0000a9a0       gen_bitlen                 000000018000b9a0 f   trees.obj
 0001:0000abc0       build_tree                 000000018000bbc0 f   trees.obj
 0001:0000ae30       scan_tree                  000000018000be30 f   trees.obj
 0001:0000af50       send_tree                  000000018000bf50 f   trees.obj
 0001:0000b480       build_bl_tree              000000018000c480 f   trees.obj
 0001:0000b550       send_all_trees             000000018000c550 f   trees.obj
 0001:0000b9b0       compress_block             000000018000c9b0 f   trees.obj
 0001:0000bdd0       detect_data_type           000000018000cdd0 f   trees.obj
 0001:0000c1f0       unz64local_getShort        000000018000d1f0 f   unzip.obj
 0001:0000c270       unz64local_getLong         000000018000d270 f   unzip.obj
 0001:0000c300       unz64local_getLong64       000000018000d300 f   unzip.obj
 0001:0000c3d0       strcmpcasenosensitive_internal 000000018000d3d0 f   unzip.obj
 0001:0000c470       unz64local_SearchCentralDir 000000018000d470 f   unzip.obj
 0001:0000c5d0       unz64local_SearchCentralDir64 000000018000d5d0 f   unzip.obj
 0001:0000c7f0       unzOpenInternal            000000018000d7f0 f   unzip.obj
 0001:0000cdb0       unz64local_DosDateToTmuDate 000000018000ddb0 f   unzip.obj
 0001:0000ce10       unz64local_GetCurrentFileInfoInternal 000000018000de10 f   unzip.obj
 0001:0000d960       unz64local_CheckCurrentFileCoherencyHeader 000000018000e960 f   unzip.obj
 0001:0000e450       decrypt_byte               000000018000f450 f   zip.obj
 0001:0000e470       update_keys                000000018000f470 f   zip.obj
 0001:0000e4c0       init_keys                  000000018000f4c0 f   zip.obj
 0001:0000e530       crypthead                  000000018000f530 f   zip.obj
 0001:0000e680       allocate_new_datablock     000000018000f680 f   zip.obj
 0001:0000e6b0       free_datablock             000000018000f6b0 f   zip.obj
 0001:0000e6e0       init_linkedlist            000000018000f6e0 f   zip.obj
 0001:0000e6f0       free_linkedlist            000000018000f6f0 f   zip.obj
 0001:0000e710       add_data_in_datablock      000000018000f710 f   zip.obj
 0001:0000e7f0       zip64local_putValue        000000018000f7f0 f   zip.obj
 0001:0000e870       zip64local_putValue_inmemory 000000018000f870 f   zip.obj
 0001:0000e8b0       zip64local_TmzDateToDosDate 000000018000f8b0 f   zip.obj
 0001:0000e900       zip64local_getByte         000000018000f900 f   zip.obj
 0001:0000e970       zip64local_getShort        000000018000f970 f   zip.obj
 0001:0000e9f0       zip64local_getLong         000000018000f9f0 f   zip.obj
 0001:0000eac0       zip64local_getLong64       000000018000fac0 f   zip.obj
 0001:0000ec40       zip64local_SearchCentralDir 000000018000fc40 f   zip.obj
 0001:0000edb0       zip64local_SearchCentralDir64 000000018000fdb0 f   zip.obj
 0001:0000efd0       LoadCentralDirectoryRecord 000000018000ffd0 f   zip.obj
 0001:0000f5f0       Write_LocalFileHeader      00000001800105f0 f   zip.obj
 0001:00010270       zip64FlushWriteBuffer      0000000180011270 f   zip.obj
 0001:000109f0       Write_Zip64EndOfCentralDirectoryLocator 00000001800119f0 f   zip.obj
 0001:00010a80       Write_Zip64EndOfCentralDirectoryRecord 0000000180011a80 f   zip.obj
 0001:00010bd0       Write_EndOfCentralDirectoryRecord 0000000180011bd0 f   zip.obj
 0001:00010d00       Write_GlobalComment        0000000180011d00 f   zip.obj
 0001:00010f7c       ?dllmain_crt_dispatch@@YAHQEAUHINSTANCE__@@KQEAX@Z 0000000180011f7c f   MSVCRT:dll_dllmain.obj
 0001:00010fcc       ?dllmain_crt_process_attach@@YAHQEAUHINSTANCE__@@QEAX@Z 0000000180011fcc f   MSVCRT:dll_dllmain.obj
 0001:000110e4       ?dllmain_crt_process_detach@@YAH_N@Z 00000001800120e4 f   MSVCRT:dll_dllmain.obj
 0001:00011168       ?dllmain_dispatch@@YAHQEAUHINSTANCE__@@KQEAX@Z 0000000180012168 f   MSVCRT:dll_dllmain.obj
 0001:00011be0       $$000000                   0000000180012be0     MSVCRT:chkstk.obj
 0001:00011c50       $$000000                   0000000180012c50     MSVCRT:guard_dispatch.obj
 0001:00011c70       $$000000                   0000000180012c70     MSVCRT:guard_xfg_dispatch.obj
 0001:00011c86       ?fin$0@?0??dllmain_crt_process_attach@@YAHQEAUHINSTANCE__@@QEAX@Z@4HA 0000000180012c86 f   MSVCRT:dll_dllmain.obj
 0001:00011c9d       ?fin$0@?0??dllmain_crt_process_detach@@YAH_N@Z@4HA 0000000180012c9d f   MSVCRT:dll_dllmain.obj
 0001:00011cb6       ?fin$1@?0??dllmain_crt_process_detach@@YAH_N@Z@4HA 0000000180012cb6 f   MSVCRT:dll_dllmain.obj
 0001:00011cca       ?filt$0@?0??dllmain_dispatch@@YAHQEAUHINSTANCE__@@KQEAX@Z@4HA 0000000180012cca f   MSVCRT:dll_dllmain.obj
 0001:00011d00       __scrt_is_nonwritable_in_current_image$filt$0 0000000180012d00 f   MSVCRT:utility.obj
 0002:000002b0       crc_table                  00000001800132b0     crc32.obj
 0002:000006b0       crc_big_table              00000001800136b0     crc32.obj
 0002:00000ab0       crc_braid_table            0000000180013ab0     crc32.obj
 0002:00001ab0       crc_braid_big_table        0000000180014ab0     crc32.obj
 0002:00002ab0       x2n_table                  0000000180015ab0     crc32.obj
 0002:00002b30       ?my_version@?1??deflateInit2_@@9@9 0000000180015b30     deflate.obj
 0002:00002b40       configuration_table        0000000180015b40     deflate.obj
 0002:00002be0       ?lenfix@?1??fixedtables@@9@9 0000000180015be0     infback.obj
 0002:000033e0       ?distfix@?1??fixedtables@@9@9 00000001800163e0     infback.obj
 0002:00003460       ?order@?1??inflateBack@@9@9 0000000180016460     infback.obj
 0002:00003490       ?lenfix@?1??fixedtables@@9@9 0000000180016490     inflate.obj
 0002:00003c90       ?distfix@?1??fixedtables@@9@9 0000000180016c90     inflate.obj
 0002:00003d10       ?order@?1??inflate@@9@9    0000000180016d10     inflate.obj
 0002:00003d40       ?dext@?1??inflate_table@@9@9 0000000180016d40     inftrees.obj
 0002:00003d80       ?lext@?1??inflate_table@@9@9 0000000180016d80     inftrees.obj
 0002:00003dc0       ?lbase@?1??inflate_table@@9@9 0000000180016dc0     inftrees.obj
 0002:00003e00       ?dbase@?1??inflate_table@@9@9 0000000180016e00     inftrees.obj
 0002:00004140       static_dtree               0000000180017140     trees.obj
 0002:000041c0       extra_blbits               00000001800171c0     trees.obj
 0002:00004210       extra_lbits                0000000180017210     trees.obj
 0002:00004290       base_dist                  0000000180017290     trees.obj
 0002:00004310       base_length                0000000180017310     trees.obj
 0002:00004388       static_l_desc              0000000180017388     trees.obj
 0002:000043a8       static_bl_desc             00000001800173a8     trees.obj
 0002:000043d0       extra_dbits                00000001800173d0     trees.obj
 0002:00004450       static_ltree               0000000180017450     trees.obj
 0002:000048d0       static_d_desc              00000001800178d0     trees.obj
 0002:000048f0       bl_order                   00000001800178f0     trees.obj
 0002:00005348       $unwind$adler32_z          0000000180018348     adler32.obj
 0002:00005370       $unwind$adler32_combine_   0000000180018370     adler32.obj
 0002:00005370       $unwind$slide_hash         0000000180018370     deflate.obj
 0002:00005370       $unwind$syncsearch         0000000180018370     inflate.obj
 0002:00005378       $unwind$compress2          0000000180018378     compress.obj
 0002:00005390       $unwind$compress           0000000180018390     compress.obj
 0002:00005390       $unwind$unzGoToFilePos     0000000180018390     unzip.obj
 0002:00005390       $unwind$unzOpenCurrentFile 0000000180018390     unzip.obj
 0002:00005390       $unwind$unzOpenCurrentFile2 0000000180018390     unzip.obj
 0002:00005390       $unwind$unzOpenCurrentFilePassword 0000000180018390     unzip.obj
 0002:00005398       $unwind$x2nmodp            0000000180018398     crc32.obj
 0002:00005398       $unwind$deflateBound       0000000180018398     deflate.obj
 0002:00005398       $unwind$gzoffset64         0000000180018398     gzlib.obj
 0002:00005398       $unwind$gzrewind           0000000180018398     gzlib.obj
 0002:00005398       $unwind$gz_avail           0000000180018398     gzread.obj
 0002:00005398       $unwind$gz_fetch           0000000180018398     gzread.obj
 0002:00005398       $unwind$gzdirect           0000000180018398     gzread.obj
 0002:00005398       $unwind$gzfread            0000000180018398     gzread.obj
 0002:00005398       $unwind$gzread             0000000180018398     gzread.obj
 0002:00005398       $unwind$gzfwrite           0000000180018398     gzwrite.obj
 0002:00005398       $unwind$inflateBackEnd     0000000180018398     infback.obj
 0002:00005398       $unwind$win32_tell64_file_func 0000000180018398     iowin32.obj
 0002:00005398       $unwind$win32_tell_file_func 0000000180018398     iowin32.obj
 0002:00005398       $unwind$build_bl_tree      0000000180018398     trees.obj
 0002:00005398       $unwind$unzClose           0000000180018398     unzip.obj
 0002:00005398       $unwind$free_linkedlist    0000000180018398     zip.obj
 0002:00005398       $unwind$__scrt_initialize_onexit_tables 0000000180018398     MSVCRT:utility.obj
 0002:00005398       $unwind$__scrt_release_startup_lock 0000000180018398     MSVCRT:utility.obj
 0002:00005398       $unwind$__scrt_uninitialize_crt 0000000180018398     MSVCRT:utility.obj
 0002:000053a0       $chain$0$x2nmodp           00000001800183a0     crc32.obj
 0002:000053b4       $chain$1$x2nmodp           00000001800183b4     crc32.obj
 0002:000053c4       $unwind$crc32_z            00000001800183c4     crc32.obj
 0002:000053d0       $chain$3$crc32_z           00000001800183d0     crc32.obj
 0002:000053f0       $chain$5$crc32_z           00000001800183f0     crc32.obj
 0002:00005408       $chain$6$crc32_z           0000000180018408     crc32.obj
 0002:00005418       $chain$7$crc32_z           0000000180018418     crc32.obj
 0002:00005428       $unwind$crc32_combine64    0000000180018428     crc32.obj
 0002:00005428       $unwind$deflatePrime       0000000180018428     deflate.obj
 0002:00005428       $unwind$deflateReset       0000000180018428     deflate.obj
 0002:00005428       $unwind$lm_init            0000000180018428     deflate.obj
 0002:00005428       $unwind$gz_reset           0000000180018428     gzlib.obj
 0002:00005428       $unwind$gz_skip            0000000180018428     gzread.obj
 0002:00005428       $unwind$gzungetc           0000000180018428     gzread.obj
 0002:00005428       $unwind$gzclose_w          0000000180018428     gzwrite.obj
 0002:00005428       $unwind$gzflush            0000000180018428     gzwrite.obj
 0002:00005428       $unwind$win32_close_file_func 0000000180018428     iowin32.obj
 0002:00005428       $unwind$win32_seek64_file_func 0000000180018428     iowin32.obj
 0002:00005428       $unwind$win32_seek_file_func 0000000180018428     iowin32.obj
 0002:00005428       $unwind$_tr_stored_block   0000000180018428     trees.obj
 0002:00005428       $unwind$Write_Zip64EndOfCentralDirectoryLocator 0000000180018428     zip.obj
 0002:00005428       $unwind$_RTC_Initialize    0000000180018428     MSVCRT:initsect.obj
 0002:00005428       $unwind$_RTC_Terminate     0000000180018428     MSVCRT:initsect.obj
 0002:00005434       $unwind$crc32_combine_op   0000000180018434     crc32.obj
 0002:00005434       $unwind$deflatePending     0000000180018434     deflate.obj
 0002:00005434       $unwind$deflateSetHeader   0000000180018434     deflate.obj
 0002:00005434       $unwind$deflateTune        0000000180018434     deflate.obj
 0002:00005434       $unwind$gzoffset           0000000180018434     gzlib.obj
 0002:00005434       $unwind$gzseek             0000000180018434     gzlib.obj
 0002:00005434       $unwind$gztell             0000000180018434     gzlib.obj
 0002:00005434       $unwind$gzgetc             0000000180018434     gzread.obj
 0002:00005434       $unwind$gzwrite            0000000180018434     gzwrite.obj
 0002:00005434       $unwind$inflateCodesUsed   0000000180018434     inflate.obj
 0002:00005434       $unwind$inflateGetHeader   0000000180018434     inflate.obj
 0002:00005434       $unwind$inflateMark        0000000180018434     inflate.obj
 0002:00005434       $unwind$inflatePrime       0000000180018434     inflate.obj
 0002:00005434       $unwind$inflateReset       0000000180018434     inflate.obj
 0002:00005434       $unwind$inflateResetKeep   0000000180018434     inflate.obj
 0002:00005434       $unwind$inflateSyncPoint   0000000180018434     inflate.obj
 0002:00005434       $unwind$inflateUndermine   0000000180018434     inflate.obj
 0002:00005434       $unwind$inflateValidate    0000000180018434     inflate.obj
 0002:00005434       $unwind$call_ztell64       0000000180018434     ioapi.obj
 0002:00005434       $unwind$fseek64_file_func  0000000180018434     ioapi.obj
 0002:00005434       $unwind$allocate_new_datablock 0000000180018434     zip.obj
 0002:00005434       $unwind$free_datablock     0000000180018434     zip.obj
 0002:00005434       $unwind$__scrt_initialize_default_local_stdio_options 0000000180018434     MSVCRT:default_local_stdio_options.obj
 0002:00005434       $unwind$?dllmain_crt_dispatch@@YAHQEAUHINSTANCE__@@KQEAX@Z 0000000180018434     MSVCRT:dll_dllmain.obj
 0002:00005434       $unwind$DllMain            0000000180018434     MSVCRT:dll_dllmain_stub.obj
 0002:00005434       $unwind$__scrt_acquire_startup_lock 0000000180018434     MSVCRT:utility.obj
 0002:00005434       $unwind$__scrt_dllmain_after_initialize_c 0000000180018434     MSVCRT:utility.obj
 0002:00005434       $unwind$__scrt_dllmain_before_initialize_c 0000000180018434     MSVCRT:utility.obj
 0002:00005434       $unwind$__scrt_dllmain_crt_thread_attach 0000000180018434     MSVCRT:utility.obj
 0002:00005434       $unwind$__scrt_dllmain_crt_thread_detach 0000000180018434     MSVCRT:utility.obj
 0002:00005434       $unwind$__scrt_dllmain_uninitialize_c 0000000180018434     MSVCRT:utility.obj
 0002:00005434       $unwind$__scrt_dllmain_uninitialize_critical 0000000180018434     MSVCRT:utility.obj
 0002:00005434       $unwind$__scrt_initialize_crt 0000000180018434     MSVCRT:utility.obj
 0002:0000543c       $unwind$read_buf           000000018001843c     deflate.obj
 0002:00005450       $unwind$fill_window        0000000180018450     deflate.obj
 0002:00005468       $unwind$deflateInit_       0000000180018468     deflate.obj
 0002:00005468       $unwind$gen_codes          0000000180018468     trees.obj
 0002:00005470       $unwind$deflateInit2_      0000000180018470     deflate.obj
 0002:00005480       $chain$1$deflateInit2_     0000000180018480     deflate.obj
 0002:00005498       $chain$2$deflateInit2_     0000000180018498     deflate.obj
 0002:000054ac       $chain$3$deflateInit2_     00000001800184ac     deflate.obj
 0002:000054bc       $chain$5$deflateInit2_     00000001800184bc     deflate.obj
 0002:000054d8       $chain$6$deflateInit2_     00000001800184d8     deflate.obj
 0002:000054f0       $chain$7$deflateInit2_     00000001800184f0     deflate.obj
 0002:00005500       $unwind$deflateSetDictionary 0000000180018500     deflate.obj
 0002:00005510       $chain$2$deflateSetDictionary 0000000180018510     deflate.obj
 0002:0000552c       $chain$3$deflateSetDictionary 000000018001852c     deflate.obj
 0002:0000553c       $unwind$deflateGetDictionary 000000018001853c     deflate.obj
 0002:00005548       $unwind$deflateResetKeep   0000000180018548     deflate.obj
 0002:00005554       $unwind$deflateParams      0000000180018554     deflate.obj
 0002:00005554       $unwind$gz_load            0000000180018554     gzread.obj
 0002:00005554       $unwind$inflateSetDictionary 0000000180018554     inflate.obj
 0002:00005554       $unwind$send_all_trees     0000000180018554     trees.obj
 0002:00005554       $unwind$Write_GlobalComment 0000000180018554     zip.obj
 0002:0000556c       $unwind$flush_pending      000000018001856c     deflate.obj
 0002:0000557c       $chain$0$flush_pending     000000018001857c     deflate.obj
 0002:00005590       $chain$1$flush_pending     0000000180018590     deflate.obj
 0002:000055a0       $unwind$deflate            00000001800185a0     deflate.obj
 0002:000055ac       $chain$4$deflate           00000001800185ac     deflate.obj
 0002:000055d0       $chain$6$deflate           00000001800185d0     deflate.obj
 0002:000055f4       $chain$7$deflate           00000001800185f4     deflate.obj
 0002:00005608       $chain$8$deflate           0000000180018608     deflate.obj
 0002:00005618       $unwind$deflateEnd         0000000180018618     deflate.obj
 0002:0000562c       $chain$4$deflateEnd        000000018001862c     deflate.obj
 0002:00005644       $chain$5$deflateEnd        0000000180018644     deflate.obj
 0002:00005658       $unwind$deflateCopy        0000000180018658     deflate.obj
 0002:00005658       $unwind$gzputs             0000000180018658     gzwrite.obj
 0002:00005660       $chain$1$deflateCopy       0000000180018660     deflate.obj
 0002:00005678       $chain$3$deflateCopy       0000000180018678     deflate.obj
 0002:00005690       $chain$4$deflateCopy       0000000180018690     deflate.obj
 0002:000056a0       $unwind$longest_match      00000001800186a0     deflate.obj
 0002:000056bc       $unwind$deflate_stored     00000001800186bc     deflate.obj
 0002:000056c8       $chain$0$deflate_stored    00000001800186c8     deflate.obj
 0002:000056dc       $chain$4$deflate_stored    00000001800186dc     deflate.obj
 0002:000056fc       $chain$5$deflate_stored    00000001800186fc     deflate.obj
 0002:00005714       $chain$6$deflate_stored    0000000180018714     deflate.obj
 0002:0000572c       $unwind$deflate_fast       000000018001872c     deflate.obj
 0002:0000572c       $unwind$deflate_slow       000000018001872c     deflate.obj
 0002:00005748       $unwind$deflate_rle        0000000180018748     deflate.obj
 0002:00005760       $unwind$deflate_huff       0000000180018760     deflate.obj
 0002:00005760       $unwind$gzdopen            0000000180018760     gzlib.obj
 0002:00005760       $unwind$unzCloseCurrentFile 0000000180018760     unzip.obj
 0002:00005760       $unwind$unzGetLocalExtrafield 0000000180018760     unzip.obj
 0002:00005760       $unwind$Write_Zip64EndOfCentralDirectoryRecord 0000000180018760     zip.obj
 0002:00005760       $unwind$init_keys          0000000180018760     zip.obj
 0002:00005760       $unwind$_DllMainCRTStartup 0000000180018760     MSVCRT:dll_dllmain.obj
 0002:00005770       $unwind$snprintf           0000000180018770     gzlib.obj
 0002:00005770       $unwind$compress_block     0000000180018770     trees.obj
 0002:00005780       $unwind$gz_open            0000000180018780     gzlib.obj
 0002:00005794       $chain$1$gz_open           0000000180018794     gzlib.obj
 0002:000057ac       $chain$3$gz_open           00000001800187ac     gzlib.obj
 0002:000057c4       $chain$4$gz_open           00000001800187c4     gzlib.obj
 0002:000057d4       $unwind$gzseek64           00000001800187d4     gzlib.obj
 0002:000057e8       $unwind$gz_error           00000001800187e8     gzlib.obj
 0002:000057fc       $unwind$gz_decomp          00000001800187fc     gzread.obj
 0002:000057fc       $unwind$gz_look            00000001800187fc     gzread.obj
 0002:000057fc       $unwind$gz_zero            00000001800187fc     gzwrite.obj
 0002:000057fc       $unwind$inflateReset2      00000001800187fc     inflate.obj
 0002:000057fc       $unwind$_tr_flush_block    00000001800187fc     trees.obj
 0002:000057fc       $unwind$zip64local_getShort 00000001800187fc     zip.obj
 0002:000057fc       $unwind$__scrt_dllmain_exception_filter 00000001800187fc     MSVCRT:utility.obj
 0002:00005810       $unwind$gz_read            0000000180018810     gzread.obj
 0002:0000582c       $unwind$gzgets             000000018001882c     gzread.obj
 0002:00005848       $unwind$gzclose_r          0000000180018848     gzread.obj
 0002:00005850       $chain$1$gzclose_r         0000000180018850     gzread.obj
 0002:00005868       $chain$2$gzclose_r         0000000180018868     gzread.obj
 0002:00005878       $unwind$gz_init            0000000180018878     gzwrite.obj
 0002:0000588c       $unwind$gz_comp            000000018001888c     gzwrite.obj
 0002:000058a0       $chain$2$gz_comp           00000001800188a0     gzwrite.obj
 0002:000058b4       $chain$3$gz_comp           00000001800188b4     gzwrite.obj
 0002:000058c4       $unwind$gz_write           00000001800188c4     gzwrite.obj
 0002:000058dc       $unwind$gzputc             00000001800188dc     gzwrite.obj
 0002:000058e8       $chain$0$gzputs            00000001800188e8     gzwrite.obj
 0002:000058fc       $chain$2$gzputs            00000001800188fc     gzwrite.obj
 0002:00005910       $chain$3$gzputs            0000000180018910     gzwrite.obj
 0002:00005920       $unwind$gzvprintf          0000000180018920     gzwrite.obj
 0002:00005930       $chain$1$gzvprintf         0000000180018930     gzwrite.obj
 0002:00005948       $chain$3$gzvprintf         0000000180018948     gzwrite.obj
 0002:00005960       $chain$4$gzvprintf         0000000180018960     gzwrite.obj
 0002:00005970       $unwind$gzprintf           0000000180018970     gzwrite.obj
 0002:00005978       $unwind$gzsetparams        0000000180018978     gzwrite.obj
 0002:00005988       $chain$1$gzsetparams       0000000180018988     gzwrite.obj
 0002:000059a0       $chain$2$gzsetparams       00000001800189a0     gzwrite.obj
 0002:000059b4       $chain$3$gzsetparams       00000001800189b4     gzwrite.obj
 0002:000059c4       $chain$5$gzsetparams       00000001800189c4     gzwrite.obj
 0002:000059e0       $chain$6$gzsetparams       00000001800189e0     gzwrite.obj
 0002:000059f0       $unwind$inflateBackInit_   00000001800189f0     infback.obj
 0002:000059f0       $unwind$unz64local_getLong 00000001800189f0     unzip.obj
 0002:000059f0       $unwind$unz64local_getLong64 00000001800189f0     unzip.obj
 0002:000059f0       $unwind$unz64local_getShort 00000001800189f0     unzip.obj
 0002:000059f0       $unwind$zip64local_getByte 00000001800189f0     zip.obj
 0002:000059f0       $unwind$zip64local_putValue 00000001800189f0     zip.obj
 0002:00005a00       $chain$0$inflateBackInit_  0000000180018a00     infback.obj
 0002:00005a14       $chain$2$inflateBackInit_  0000000180018a14     infback.obj
 0002:00005a28       $chain$3$inflateBackInit_  0000000180018a28     infback.obj
 0002:00005a38       $unwind$inflateBack        0000000180018a38     infback.obj
 0002:00005a48       $chain$2$inflateBack       0000000180018a48     infback.obj
 0002:00005a64       $chain$3$inflateBack       0000000180018a64     infback.obj
 0002:00005a78       $chain$4$inflateBack       0000000180018a78     infback.obj
 0002:00005a88       $chain$5$inflateBack       0000000180018a88     infback.obj
 0002:00005a98       $unwind$inflate_fast       0000000180018a98     inffast.obj
 0002:00005ab0       $unwind$inflateInit2_      0000000180018ab0     inflate.obj
 0002:00005abc       $chain$1$inflateInit2_     0000000180018abc     inflate.obj
 0002:00005ad4       $chain$3$inflateInit2_     0000000180018ad4     inflate.obj
 0002:00005aec       $chain$4$inflateInit2_     0000000180018aec     inflate.obj
 0002:00005afc       $unwind$updatewindow       0000000180018afc     inflate.obj
 0002:00005b14       $unwind$inflate            0000000180018b14     inflate.obj
 0002:00005b2c       $unwind$inflateEnd         0000000180018b2c     inflate.obj
 0002:00005b3c       $unwind$inflateGetDictionary 0000000180018b3c     inflate.obj
 0002:00005b4c       $unwind$inflateSync        0000000180018b4c     inflate.obj
 0002:00005b54       $chain$1$inflateSync       0000000180018b54     inflate.obj
 0002:00005b6c       $chain$4$inflateSync       0000000180018b6c     inflate.obj
 0002:00005b88       $chain$5$inflateSync       0000000180018b88     inflate.obj
 0002:00005b9c       $chain$6$inflateSync       0000000180018b9c     inflate.obj
 0002:00005bac       $unwind$inflateCopy        0000000180018bac     inflate.obj
 0002:00005bb8       $chain$2$inflateCopy       0000000180018bb8     inflate.obj
 0002:00005bd4       $chain$4$inflateCopy       0000000180018bd4     inflate.obj
 0002:00005bec       $chain$5$inflateCopy       0000000180018bec     inflate.obj
 0002:00005bfc       $chain$7$inflateCopy       0000000180018bfc     inflate.obj
 0002:00005c20       $chain$8$inflateCopy       0000000180018c20     inflate.obj
 0002:00005c30       $unwind$inflate_table      0000000180018c30     inftrees.obj
 0002:00005c48       $unwind$win32_build_iowin  0000000180018c48     iowin32.obj
 0002:00005c50       $chain$0$win32_build_iowin 0000000180018c50     iowin32.obj
 0002:00005c64       $chain$2$win32_build_iowin 0000000180018c64     iowin32.obj
 0002:00005c78       $chain$3$win32_build_iowin 0000000180018c78     iowin32.obj
 0002:00005c88       $unwind$win32_open64_file_func 0000000180018c88     iowin32.obj
 0002:00005c88       $unwind$win32_open64_file_funcA 0000000180018c88     iowin32.obj
 0002:00005c88       $unwind$win32_open64_file_funcW 0000000180018c88     iowin32.obj
 0002:00005c88       $unwind$win32_open_file_func 0000000180018c88     iowin32.obj
 0002:00005c90       $unwind$win32_read_file_func 0000000180018c90     iowin32.obj
 0002:00005c90       $unwind$win32_write_file_func 0000000180018c90     iowin32.obj
 0002:00005c9c       $unwind$MySetFilePointerEx 0000000180018c9c     iowin32.obj
 0002:00005cac       $unwind$pqdownheap         0000000180018cac     trees.obj
 0002:00005cb8       $chain$0$pqdownheap        0000000180018cb8     trees.obj
 0002:00005ccc       $chain$2$pqdownheap        0000000180018ccc     trees.obj
 0002:00005ce0       $chain$3$pqdownheap        0000000180018ce0     trees.obj
 0002:00005cf0       $unwind$gen_bitlen         0000000180018cf0     trees.obj
 0002:00005d00       $chain$0$gen_bitlen        0000000180018d00     trees.obj
 0002:00005d14       $chain$2$gen_bitlen        0000000180018d14     trees.obj
 0002:00005d2c       $chain$3$gen_bitlen        0000000180018d2c     trees.obj
 0002:00005d3c       $chain$4$gen_bitlen        0000000180018d3c     trees.obj
 0002:00005d4c       $unwind$build_tree         0000000180018d4c     trees.obj
 0002:00005d68       $unwind$scan_tree          0000000180018d68     trees.obj
 0002:00005d70       $chain$3$scan_tree         0000000180018d70     trees.obj
 0002:00005d90       $chain$4$scan_tree         0000000180018d90     trees.obj
 0002:00005da0       $unwind$send_tree          0000000180018da0     trees.obj
 0002:00005da8       $chain$6$send_tree         0000000180018da8     trees.obj
 0002:00005dd4       $chain$7$send_tree         0000000180018dd4     trees.obj
 0002:00005de4       $chain$0$compress_block    0000000180018de4     trees.obj
 0002:00005df8       $chain$3$compress_block    0000000180018df8     trees.obj
 0002:00005e14       $chain$4$compress_block    0000000180018e14     trees.obj
 0002:00005e24       $chain$5$compress_block    0000000180018e24     trees.obj
 0002:00005e34       $unwind$uncompress2        0000000180018e34     uncompr.obj
 0002:00005e50       $chain$0$uncompress2       0000000180018e50     uncompr.obj
 0002:00005e64       $chain$1$uncompress2       0000000180018e64     uncompr.obj
 0002:00005e74       $unwind$uncompress         0000000180018e74     uncompr.obj
 0002:00005e7c       $unwind$unz64local_SearchCentralDir 0000000180018e7c     unzip.obj
 0002:00005e90       $chain$0$unz64local_SearchCentralDir 0000000180018e90     unzip.obj
 0002:00005ea4       $chain$1$unz64local_SearchCentralDir 0000000180018ea4     unzip.obj
 0002:00005eb8       $chain$2$unz64local_SearchCentralDir 0000000180018eb8     unzip.obj
 0002:00005ec8       $chain$3$unz64local_SearchCentralDir 0000000180018ec8     unzip.obj
 0002:00005ed8       $unwind$unz64local_SearchCentralDir64 0000000180018ed8     unzip.obj
 0002:00005ed8       $unwind$zip64local_SearchCentralDir64 0000000180018ed8     zip.obj
 0002:00005eec       $chain$0$unz64local_SearchCentralDir64 0000000180018eec     unzip.obj
 0002:00005f00       $chain$1$unz64local_SearchCentralDir64 0000000180018f00     unzip.obj
 0002:00005f14       $chain$2$unz64local_SearchCentralDir64 0000000180018f14     unzip.obj
 0002:00005f24       $chain$3$unz64local_SearchCentralDir64 0000000180018f24     unzip.obj
[...]
 0002:00006054       $chain$0$unzGoToFilePos64  0000000180019054     unzip.obj
 0002:00006068       $chain$1$unzGoToFilePos64  0000000180019068     unzip.obj
 0002:00006078       $unwind$unz64local_CheckCurrentFileCoherencyHeader 0000000180019078     unzip.obj
 0002:00006094       $unwind$unzOpenCurrentFile3 0000000180019094     unzip.obj
 0002:000060a4       $chain$0$unzOpenCurrentFile3 00000001800190a4     unzip.obj
 0002:000060b8       $chain$1$unzOpenCurrentFile3 00000001800190b8     unzip.obj
 0002:000060cc       $chain$2$unzOpenCurrentFile3 00000001800190cc     unzip.obj
 0002:000060dc       $chain$4$unzOpenCurrentFile3 00000001800190dc     unzip.obj
 0002:000060f4       $chain$5$unzOpenCurrentFile3 00000001800190f4     unzip.obj
 0002:00006104       $unwind$unzReadCurrentFile 0000000180019104     unzip.obj
 0002:00006110       $chain$5$unzReadCurrentFile 0000000180019110     unzip.obj
 0002:00006138       $chain$7$unzReadCurrentFile 0000000180019138     unzip.obj
 0002:00006160       $chain$8$unzReadCurrentFile 0000000180019160     unzip.obj
 0002:00006170       $unwind$unzGetGlobalComment 0000000180019170     unzip.obj
 0002:00006184       $unwind$crypthead          0000000180019184     zip.obj
 0002:000061a0       $chain$0$free_datablock    00000001800191a0     zip.obj
 0002:000061b4       $chain$1$free_datablock    00000001800191b4     zip.obj
 0002:000061c4       $unwind$add_data_in_datablock 00000001800191c4     zip.obj
 0002:000061c4       $unwind$zip64local_getLong 00000001800191c4     zip.obj
 0002:000061c4       $unwind$zip64local_getLong64 00000001800191c4     zip.obj
 0002:000061d8       $unwind$zip64local_SearchCentralDir 00000001800191d8     zip.obj
 0002:000061ec       $chain$0$zip64local_SearchCentralDir 00000001800191ec     zip.obj
 0002:00006200       $chain$1$zip64local_SearchCentralDir 0000000180019200     zip.obj
 0002:00006214       $chain$2$zip64local_SearchCentralDir 0000000180019214     zip.obj
 0002:00006224       $chain$3$zip64local_SearchCentralDir 0000000180019224     zip.obj
 0002:00006234       $chain$0$zip64local_SearchCentralDir64 0000000180019234     zip.obj
 0002:00006248       $chain$1$zip64local_SearchCentralDir64 0000000180019248     zip.obj
 0002:0000625c       $chain$2$zip64local_SearchCentralDir64 000000018001925c     zip.obj
 0002:0000626c       $chain$3$zip64local_SearchCentralDir64 000000018001926c     zip.obj
 0002:0000627c       $unwind$LoadCentralDirectoryRecord 000000018001927c     zip.obj
 0002:00006294       $unwind$zipOpen3           0000000180019294     zip.obj
 0002:000062b0       $unwind$zipOpen2           00000001800192b0     zip.obj
 0002:000062b8       $unwind$Write_LocalFileHeader 00000001800192b8     zip.obj
 0002:000062d0       $unwind$zipOpenNewFileInZip4_64 00000001800192d0     zip.obj
 0002:000062e4       $chain$1$zipOpenNewFileInZip4_64 00000001800192e4     zip.obj
 0002:000062fc       $chain$2$zipOpenNewFileInZip4_64 00000001800192fc     zip.obj
 0002:000062fc       $chain$4$zipOpenNewFileInZip4_64 00000001800192fc     zip.obj
 0002:00006310       $chain$3$zipOpenNewFileInZip4_64 0000000180019310     zip.obj
 0002:00006310       $chain$5$zipOpenNewFileInZip4_64 0000000180019310     zip.obj
 0002:00006320       $unwind$zipOpenNewFileInZip 0000000180019320     zip.obj
 0002:00006320       $unwind$zipOpenNewFileInZip2 0000000180019320     zip.obj
 0002:00006320       $unwind$zipOpenNewFileInZip2_64 0000000180019320     zip.obj
 0002:00006320       $unwind$zipOpenNewFileInZip3 0000000180019320     zip.obj
 0002:00006320       $unwind$zipOpenNewFileInZip3_64 0000000180019320     zip.obj
 0002:00006320       $unwind$zipOpenNewFileInZip64 0000000180019320     zip.obj
 0002:00006328       $unwind$zip64FlushWriteBuffer 0000000180019328     zip.obj
 0002:00006334       $chain$0$zip64FlushWriteBuffer 0000000180019334     zip.obj
 0002:00006348       $chain$2$zip64FlushWriteBuffer 0000000180019348     zip.obj
 0002:00006360       $chain$3$zip64FlushWriteBuffer 0000000180019360     zip.obj
 0002:00006370       $chain$4$zip64FlushWriteBuffer 0000000180019370     zip.obj
 0002:00006380       $unwind$zipWriteInFileInZip 0000000180019380     zip.obj
 0002:00006394       $chain$0$zipWriteInFileInZip 0000000180019394     zip.obj
 0002:000063a8       $chain$2$zipWriteInFileInZip 00000001800193a8     zip.obj
 0002:000063bc       $chain$3$zipWriteInFileInZip 00000001800193bc     zip.obj
 0002:000063cc       $unwind$zipCloseFileInZipRaw64 00000001800193cc     zip.obj
 0002:000063dc       $chain$3$zipCloseFileInZipRaw64 00000001800193dc     zip.obj
 0002:000063fc       $chain$5$zipCloseFileInZipRaw64 00000001800193fc     zip.obj
 0002:0000641c       $chain$6$zipCloseFileInZipRaw64 000000018001941c     zip.obj
 0002:0000642c       $unwind$Write_EndOfCentralDirectoryRecord 000000018001942c     zip.obj
 0002:0000643c       $chain$0$Write_EndOfCentralDirectoryRecord 000000018001943c     zip.obj
 0002:00006450       $chain$1$Write_EndOfCentralDirectoryRecord 0000000180019450     zip.obj
 0002:00006460       $unwind$zipClose           0000000180019460     zip.obj
 0002:00006470       $chain$1$zipClose          0000000180019470     zip.obj
 0002:00006488       $chain$2$zipClose          0000000180019488     zip.obj
 0002:0000649c       $chain$3$zipClose          000000018001949c     zip.obj
 0002:000064b0       $chain$4$zipClose          00000001800194b0     zip.obj
 0002:000064c0       $chain$5$zipClose          00000001800194c0     zip.obj
 0002:000064d0       $chain$6$zipClose          00000001800194d0     zip.obj
 0002:000064e4       $unwind$?dllmain_crt_process_attach@@YAHQEAUHINSTANCE__@@QEAX@Z 00000001800194e4     MSVCRT:dll_dllmain.obj
 0002:00006520       $unwind$?fin$0@?0??dllmain_crt_process_attach@@YAHQEAUHINSTANCE__@@QEAX@Z@4HA 0000000180019520     MSVCRT:dll_dllmain.obj
 0002:00006520       $unwind$?fin$0@?0??dllmain_crt_process_detach@@YAH_N@Z@4HA 0000000180019520     MSVCRT:dll_dllmain.obj
 0002:00006520       $unwind$?fin$1@?0??dllmain_crt_process_detach@@YAH_N@Z@4HA 0000000180019520     MSVCRT:dll_dllmain.obj
 0002:00006528       $unwind$?dllmain_crt_process_detach@@YAH_N@Z 0000000180019528     MSVCRT:dll_dllmain.obj
 0002:0000657c       $unwind$?dllmain_dispatch@@YAHQEAUHINSTANCE__@@KQEAX@Z 000000018001957c     MSVCRT:dll_dllmain.obj
 0002:000065a4       $unwind$?filt$0@?0??dllmain_dispatch@@YAHQEAUHINSTANCE__@@KQEAX@Z@4HA 00000001800195a4     MSVCRT:dll_dllmain.obj
 0002:000065ac       $unwind$__security_init_cookie 00000001800195ac     MSVCRT:gs_support.obj
 0002:000065b8       $unwind$__scrt_is_nonwritable_in_current_image 00000001800195b8     MSVCRT:utility.obj
 0002:000065d8       $unwind$__scrt_is_nonwritable_in_current_image$filt$0 00000001800195d8     MSVCRT:utility.obj
 0002:000065e0       $unwind$__scrt_fastfail    00000001800195e0     MSVCRT:utility_desktop.obj
 0002:000065f0       $unwind$__isa_available_init 00000001800195f0     MSVCRT:cpu_disp.obj
 0002:00006608       $xdatasym                  0000000180019608     MSVCRT:guard_dispatch.obj
 0002:00006610       $xdatasym                  0000000180019610     MSVCRT:guard_xfg_dispatch.obj
 0002:00006618       $xdatasym                  0000000180019618     MSVCRT:chkstk.obj
 0002:00006620       .edata                     0000000180019620     zlibwapi.exp
 0002:00006648       rgpv                       0000000180019648     zlibwapi.exp
 0002:00006910       rgszName                   0000000180019910     zlibwapi.exp
 0002:00006b20       rgwOrd                     0000000180019b20     zlibwapi.exp
 0002:00006c28       szName                     0000000180019c28     zlibwapi.exp
 0002:00006c35       $N00001                    0000000180019c35     zlibwapi.exp
 0002:00006c3d       $N00140                    0000000180019c3d     zlibwapi.exp
 0002:00006c4d       $N00174                    0000000180019c4d     zlibwapi.exp
 0002:00006c57       $N00002                    0000000180019c57     zlibwapi.exp
 0002:00006c60       $N00039                    0000000180019c60     zlibwapi.exp
 0002:00006c6a       $N00046                    0000000180019c6a     zlibwapi.exp
 0002:00006c78       $N00003                    0000000180019c78     zlibwapi.exp
 0002:00006c7e       $N00142                    0000000180019c7e     zlibwapi.exp
 0002:00006c8c       $N00176                    0000000180019c8c     zlibwapi.exp
 0002:00006c9e       $N00177                    0000000180019c9e     zlibwapi.exp
 0002:00006cb2       $N00178                    0000000180019cb2     zlibwapi.exp
 0002:00006cc3       $N00175                    0000000180019cc3     zlibwapi.exp
 0002:00006ccb       $N00004                    0000000180019ccb     zlibwapi.exp
 0002:00006cd3       $N00047                    0000000180019cd3     zlibwapi.exp
 0002:00006ce0       $N00005                    0000000180019ce0     zlibwapi.exp
 0002:00006cec       $N00006                    0000000180019cec     zlibwapi.exp
 0002:00006cf7       $N00173                    0000000180019cf7     zlibwapi.exp
 0002:00006d0c       $N00007                    0000000180019d0c     zlibwapi.exp
 0002:00006d1a       $N00008                    0000000180019d1a     zlibwapi.exp
 0002:00006d27       $N00009                    0000000180019d27     zlibwapi.exp
 0002:00006d35       $N00052                    0000000180019d35     zlibwapi.exp
 0002:00006d44       $N00051                    0000000180019d44     zlibwapi.exp
 0002:00006d51       $N00010                    0000000180019d51     zlibwapi.exp
 0002:00006d5e       $N00164                    0000000180019d5e     zlibwapi.exp
 0002:00006d6f       $N00011                    0000000180019d6f     zlibwapi.exp
 0002:00006d84       $N00144                    0000000180019d84     zlibwapi.exp
 0002:00006d95       $N00145                    0000000180019d95     zlibwapi.exp
 0002:00006da1       $N00110                    0000000180019da1     zlibwapi.exp
 0002:00006db5       $N00111                    0000000180019db5     zlibwapi.exp
 0002:00006dcb       $N00112                    0000000180019dcb     zlibwapi.exp
 0002:00006de2       $N00113                    0000000180019de2     zlibwapi.exp
 0002:00006df9       $N00038                    0000000180019df9     zlibwapi.exp
 0002:00006e07       $N00146                    0000000180019e07     zlibwapi.exp
 0002:00006e10       $N00048                    0000000180019e10     zlibwapi.exp
 0002:00006e1b       $N00012                    0000000180019e1b     zlibwapi.exp
 0002:00006e23       $N00147                    0000000180019e23     zlibwapi.exp
 0002:00006e2d       $N00148                    0000000180019e2d     zlibwapi.exp
 0002:00006e37       $N00149                    0000000180019e37     zlibwapi.exp
 0002:00006e40       $N00013                    0000000180019e40     zlibwapi.exp
 0002:00006e48       $N00034                    0000000180019e48     zlibwapi.exp
 0002:00006e4e       $N00014                    0000000180019e4e     zlibwapi.exp
 0002:00006e56       $N00015                    0000000180019e56     zlibwapi.exp
 0002:00006e5e       $N00171                    0000000180019e5e     zlibwapi.exp
 0002:00006e66       $N00172                    0000000180019e66     zlibwapi.exp
 0002:00006e6f       $N00030                    0000000180019e6f     zlibwapi.exp
 0002:00006e76       $N00161                    0000000180019e76     zlibwapi.exp
 0002:00006e7e       $N00041                    0000000180019e7e     zlibwapi.exp
 0002:00006e85       $N00150                    0000000180019e85     zlibwapi.exp
 0002:00006e8e       $N00016                    0000000180019e8e     zlibwapi.exp
 0002:00006e95       $N00165                    0000000180019e95     zlibwapi.exp
 0002:00006e9e       $N00028                    0000000180019e9e     zlibwapi.exp
 0002:00006ea7       $N00029                    0000000180019ea7     zlibwapi.exp
 0002:00006eae       $N00040                    0000000180019eae     zlibwapi.exp
 0002:00006eb5       $N00017                    0000000180019eb5     zlibwapi.exp
 0002:00006ebc       $N00032                    0000000180019ebc     zlibwapi.exp
 0002:00006ec5       $N00031                    0000000180019ec5     zlibwapi.exp
 0002:00006ecc       $N00035                    0000000180019ecc     zlibwapi.exp
 0002:00006ed8       $N00033                    0000000180019ed8     zlibwapi.exp
 0002:00006edf       $N00049                    0000000180019edf     zlibwapi.exp
 0002:00006ee8       $N00167                    0000000180019ee8     zlibwapi.exp
 0002:00006ef2       $N00018                    0000000180019ef2     zlibwapi.exp
 0002:00006efa       $N00019                    0000000180019efa     zlibwapi.exp
 0002:00006f02       $N00044                    0000000180019f02     zlibwapi.exp
 0002:00006f0e       $N00045                    0000000180019f0e     zlibwapi.exp
 0002:00006f1d       $N00043                    0000000180019f1d     zlibwapi.exp
 0002:00006f2e       $N00168                    0000000180019f2e     zlibwapi.exp
 0002:00006f3f       $N00042                    0000000180019f3f     zlibwapi.exp
 0002:00006f4b       $N00020                    0000000180019f4b     zlibwapi.exp
 0002:00006f56       $N00166                    0000000180019f56     zlibwapi.exp
 0002:00006f6b       $N00156                    0000000180019f6b     zlibwapi.exp
 0002:00006f7c       $N00021                    0000000180019f7c     zlibwapi.exp
 0002:00006f8a       $N00022                    0000000180019f8a     zlibwapi.exp
 0002:00006f97       $N00157                    0000000180019f97     zlibwapi.exp
 0002:00006fa3       $N00158                    0000000180019fa3     zlibwapi.exp
 0002:00006fb0       $N00023                    0000000180019fb0     zlibwapi.exp
 0002:00006fbd       $N00159                    0000000180019fbd     zlibwapi.exp
 0002:00006fcb       $N00163                    0000000180019fcb     zlibwapi.exp
 0002:00006fdc       $N00024                    0000000180019fdc     zlibwapi.exp
 0002:00006ff1       $N00025                    0000000180019ff1     zlibwapi.exp
 0002:00006ffd       $N00037                    0000000180019ffd     zlibwapi.exp
 0002:0000700e       $N00160                    000000018001a00e     zlibwapi.exp
 0002:0000701f       $N00169                    000000018001a01f     zlibwapi.exp
 0002:0000702f       $N00026                    000000018001a02f     zlibwapi.exp
 0002:0000703a       $N00170                    000000018001a03a     zlibwapi.exp
 0002:00007046       $N00062                    000000018001a046     zlibwapi.exp
 0002:0000704f       $N00072                    000000018001a04f     zlibwapi.exp
 0002:00007063       $N00064                    000000018001a063     zlibwapi.exp
 0002:00007079       $N00124                    000000018001a079     zlibwapi.exp
 0002:00007091       $N00125                    000000018001a091     zlibwapi.exp
 0002:000070af       $N00100                    000000018001a0af     zlibwapi.exp
 0002:000070bd       $N00127                    000000018001a0bd     zlibwapi.exp
 0002:000070cd       $N00073                    000000018001a0cd     zlibwapi.exp
 0002:000070e1       $N00063                    000000018001a0e1     zlibwapi.exp
 0002:000070f2       $N00122                    000000018001a0f2     zlibwapi.exp
 0002:00007105       $N00076                    000000018001a105     zlibwapi.exp
 0002:0000711b       $N00101                    000000018001a11b     zlibwapi.exp
 0002:0000712a       $N00128                    000000018001a12a     zlibwapi.exp
 0002:0000713b       $N00065                    000000018001a13b     zlibwapi.exp
 0002:0000714c       $N00066                    000000018001a14c     zlibwapi.exp
 0002:0000715c       $N00075                    000000018001a15c     zlibwapi.exp
 0002:0000716a       $N00061                    000000018001a16a     zlibwapi.exp
 0002:00007172       $N00077                    000000018001a172     zlibwapi.exp
 0002:0000717b       $N00121                    000000018001a17b     zlibwapi.exp
 0002:00007187       $N00120                    000000018001a187     zlibwapi.exp
 0002:00007191       $N00067                    000000018001a191     zlibwapi.exp
 0002:000071a4       $N00078                    000000018001a1a4     zlibwapi.exp
 0002:000071b8       $N00069                    000000018001a1b8     zlibwapi.exp
 0002:000071cc       $N00079                    000000018001a1cc     zlibwapi.exp
 0002:000071e7       $N00068                    000000018001a1e7     zlibwapi.exp
 0002:000071fa       $N00074                    000000018001a1fa     zlibwapi.exp
 0002:00007213       $N00071                    000000018001a213     zlibwapi.exp
 0002:0000721a       $N00070                    000000018001a21a     zlibwapi.exp
 0002:00007222       $N00126                    000000018001a222     zlibwapi.exp
 0002:0000722c       $N00036                    000000018001a22c     zlibwapi.exp
 0002:00007233       $N00084                    000000018001a233     zlibwapi.exp
 0002:0000723c       $N00083                    000000018001a23c     zlibwapi.exp
 0002:0000724e       $N00087                    000000018001a24e     zlibwapi.exp
 0002:00007263       $N00136                    000000018001a263     zlibwapi.exp
 0002:0000727a       $N00080                    000000018001a27a     zlibwapi.exp
 0002:00007282       $N00088                    000000018001a282     zlibwapi.exp
 0002:0000728b       $N00131                    000000018001a28b     zlibwapi.exp
 0002:00007297       $N00130                    000000018001a297     zlibwapi.exp
 0002:000072a1       $N00081                    000000018001a2a1     zlibwapi.exp
 0002:000072b5       $N00086                    000000018001a2b5     zlibwapi.exp
 0002:000072ca       $N00133                    000000018001a2ca     zlibwapi.exp
 0002:000072e2       $N00089                    000000018001a2e2     zlibwapi.exp
 0002:000072f7       $N00134                    000000018001a2f7     zlibwapi.exp
 0002:0000730f       $N00135                    000000018001a30f     zlibwapi.exp
 0002:00007327       $N00132                    000000018001a327     zlibwapi.exp
 0002:0000733d       $N00082                    000000018001a33d     zlibwapi.exp
 0002:00007351       $N00050                    000000018001a351     zlibwapi.exp
 0002:00007362       $N00027                    000000018001a362     zlibwapi.exp
 0002:0000768c       .idata$6                   000000018001a68c     kernel32:KERNEL32.dll
 0002:000076dc       .idata$6                   000000018001a6dc     vcruntime:VCRUNTIME140.dll
 0002:0000787c       .idata$6                   000000018001a87c     ucrt:api-ms-win-crt-stdio-l1-1-0.dll
 0002:0000789c       .idata$6                   000000018001a89c     ucrt:api-ms-win-crt-convert-l1-1-0.dll
 0002:000078be       .idata$6                   000000018001a8be     ucrt:api-ms-win-crt-heap-l1-1-0.dll
 0002:000078de       .idata$6                   000000018001a8de     ucrt:api-ms-win-crt-runtime-l1-1-0.dll
 0002:00007900       .idata$6                   000000018001a900     ucrt:api-ms-win-crt-utility-l1-1-0.dll
 0002:00007922       .idata$6                   000000018001a922     ucrt:api-ms-win-crt-time-l1-1-0.dll
 0003:000000c0       ?__proc_attached@@3HA      000000018001b0c0     MSVCRT:dll_dllmain.obj
 0003:000000f8       ?is_initialized_as_dll@@3_NA 000000018001b0f8     MSVCRT:utility.obj
 0003:000000f9       ?module_local_atexit_table_initialized@@3_NA 000000018001b0f9     MSVCRT:utility.obj
 0003:00000100       ?module_local_atexit_table@@3U_onexit_table_t@@A 000000018001b100     MSVCRT:utility.obj
 0003:00000118       ?module_local_at_quick_exit_table@@3U_onexit_table_t@@A 000000018001b118     MSVCRT:utility.obj
 0003:0000013c       ?calls@?1??crypthead@@9@9  000000018001b13c     zip.obj
 0005:00000060       $R000000                   000000018001e060     zlib.res
